16:50:04 **** Incremental Build of configuration Release for project MDP_STM ****
make -j12 all 
arm-none-eabi-gcc "../Core/Src/main.c" -mcpu=cortex-m4 -std=gnu11 -DUSE_HAL_DRIVER -DSTM32F407xx -c -I../Core/Inc -I../Drivers/STM32F4xx_HAL_Driver/Inc -I../Drivers/STM32F4xx_HAL_Driver/Inc/Legacy -I../Drivers/CMSIS/Device/ST/STM32F4xx/Include -I../Drivers/CMSIS/Include -I"C:/Users/ongme/Documents/GitHub/CZ3004_MDP_AY22-23_S1_G13/STM32F407vet6/MDP_STM/PeripheralDriver/Inc" -I../Middlewares/Third_Party/FreeRTOS/Source/include -I../Middlewares/Third_Party/FreeRTOS/Source/CMSIS_RTOS_V2 -I../Middlewares/Third_Party/FreeRTOS/Source/portable/GCC/ARM_CM4F -Os -ffunction-sections -fdata-sections -Wall -fstack-usage -MMD -MP -MF"Core/Src/main.d" -MT"Core/Src/main.o" --specs=nano.specs -mfpu=fpv4-sp-d16 -mfloat-abi=hard -mthumb -o "Core/Src/main.o"
../Core/Src/main.c: In function 'move':
../Core/Src/main.c:717:12: warning: pointer targets in passing argument 1 of 'sprintf' differ in signedness [-Wpointer-sign]
  717 |    sprintf(hello,"SpeedL:%5d\0",diff_left);
      |            ^~~~~
      |            |
      |            uint8_t * {aka unsigned char *}
In file included from ../Core/Src/main.c:26:
c:\st\stm32cubeide_1.10.1\stm32cubeide\plugins\com.st.stm32cube.ide.mcu.externaltools.gnu-tools-for-stm32.10.3-2021.10.win32_1.0.0.202111181127\tools\arm-none-eabi\include\stdio.h:244:14: note: expected 'char * restrict' but argument is of type 'uint8_t *' {aka 'unsigned char *'}
  244 | int sprintf (char *__restrict, const char *__restrict, ...)
      |              ^
../Core/Src/main.c:717:29: warning: embedded '\0' in format [-Wformat-contains-nul]
  717 |    sprintf(hello,"SpeedL:%5d\0",diff_left);
      |                             ^~
../Core/Src/main.c:719:12: warning: pointer targets in passing argument 1 of 'sprintf' differ in signedness [-Wpointer-sign]
  719 |    sprintf(hello1,"SpeedR:%5d\0",diff_right);
      |            ^~~~~~
      |            |
      |            uint8_t * {aka unsigned char *}
In file included from ../Core/Src/main.c:26:
c:\st\stm32cubeide_1.10.1\stm32cubeide\plugins\com.st.stm32cube.ide.mcu.externaltools.gnu-tools-for-stm32.10.3-2021.10.win32_1.0.0.202111181127\tools\arm-none-eabi\include\stdio.h:244:14: note: expected 'char * restrict' but argument is of type 'uint8_t *' {aka 'unsigned char *'}
  244 | int sprintf (char *__restrict, const char *__restrict, ...)
      |              ^
../Core/Src/main.c:719:30: warning: embedded '\0' in format [-Wformat-contains-nul]
  719 |    sprintf(hello1,"SpeedR:%5d\0",diff_right);
      |                              ^~
../Core/Src/main.c:637:35: warning: unused variable 'curr_time' [-Wunused-variable]
  637 |  uint32_t start_time , prev_time, curr_time;
      |                                   ^~~~~~~~~
../Core/Src/main.c:637:24: warning: variable 'prev_time' set but not used [-Wunused-but-set-variable]
  637 |  uint32_t start_time , prev_time, curr_time;
      |                        ^~~~~~~~~
../Core/Src/main.c: In function 'encoder_task':
../Core/Src/main.c:848:21: warning: unused variable 'hello2' [-Wunused-variable]
  848 |   uint8_t hello[20],hello2[20];
      |                     ^~~~~~
../Core/Src/main.c:848:11: warning: unused variable 'hello' [-Wunused-variable]
  848 |   uint8_t hello[20],hello2[20];
      |           ^~~~~
../Core/Src/main.c:842:37: warning: variable 'diff2' set but not used [-Wunused-but-set-variable]
  842 |   int cnt1, cnt2, diff, cnt3, cnt4, diff2;
      |                                     ^~~~~
../Core/Src/main.c:842:19: warning: variable 'diff' set but not used [-Wunused-but-set-variable]
  842 |   int cnt1, cnt2, diff, cnt3, cnt4, diff2;
      |                   ^~~~
arm-none-eabi-gcc -o "MDP_STM.elf" @"objects.list"   -mcpu=cortex-m4 -T"C:\Users\ongme\Documents\GitHub\CZ3004_MDP_AY22-23_S1_G13\STM32F407vet6\MDP_STM\STM32F407VETX_FLASH.ld" --specs=nosys.specs -Wl,-Map="MDP_STM.map" -Wl,--gc-sections -static --specs=nano.specs -mfpu=fpv4-sp-d16 -mfloat-abi=hard -mthumb -Wl,--start-group -lc -lm -Wl,--end-group
Finished building target: MDP_STM.elf
 
arm-none-eabi-size   MDP_STM.elf 
arm-none-eabi-objdump -h -S  MDP_STM.elf  > "MDP_STM.list"
arm-none-eabi-objcopy  -O ihex  MDP_STM.elf  "MDP_STM.hex"
arm-none-eabi-objcopy  -O binary  MDP_STM.elf  "MDP_STM.bin"
   text	   data	    bss	    dec	    hex	filename
  23192	    124	  21772	  45088	   b020	MDP_STM.elf
Finished building: default.size.stdout
 
Finished building: MDP_STM.hex
Finished building: MDP_STM.bin
Finished building: MDP_STM.list
 
 
 
