16:50:04 **** Incremental Build of configuration Release for project MDP_STM ****
make -j12 all 
arm-none-eabi-gcc "../Core/Src/main.c" -mcpu=cortex-m4 -std=gnu11 -DUSE_HAL_DRIVER -DSTM32F407xx -c -I../Core/Inc -I../Drivers/STM32F4xx_HAL_Driver/Inc -I../Drivers/STM32F4xx_HAL_Driver/Inc/Legacy -I../Drivers/CMSIS/Device/ST/STM32F4xx/Include -I../Drivers/CMSIS/Include -I"C:/Users/ongme/Documents/GitHub/CZ3004_MDP_AY22-23_S1_G13/STM32F407vet6/MDP_STM/PeripheralDriver/Inc" -I../Middlewares/Third_Party/FreeRTOS/Source/include -I../Middlewares/Third_Party/FreeRTOS/Source/CMSIS_RTOS_V2 -I../Middlewares/Third_Party/FreeRTOS/Source/portable/GCC/ARM_CM4F -Os -ffunction-sections -fdata-sections -Wall -fstack-usage -MMD -MP -MF"Core/Src/main.d" -MT"Core/Src/main.o" --specs=nano.specs -mfpu=fpv4-sp-d16 -mfloat-abi=hard -mthumb -o "Core/Src/main.o"
../Core/Src/main.c: In function 'move':
../Core/Src/main.c:717:12: warning: pointer targets in passing argument 1 of 'sprintf' differ in signedness [-Wpointer-sign]
  717 |    sprintf(hello,"SpeedL:%5d\0",diff_left);
      |            ^~~~~
      |            |
      |            uint8_t * {aka unsigned char *}
In file included from ../Core/Src/main.c:26:
c:\st\stm32cubeide_1.10.1\stm32cubeide\plugins\com.st.stm32cube.ide.mcu.externaltools.gnu-tools-for-stm32.10.3-2021.10.win32_1.0.0.202111181127\tools\arm-none-eabi\include\stdio.h:244:14: note: expected 'char * restrict' but argument is of type 'uint8_t *' {aka 'unsigned char *'}
  244 | int sprintf (char *__restrict, const char *__restrict, ...)
      |              ^
../Core/Src/main.c:717:29: warning: embedded '\0' in format [-Wformat-contains-nul]
  717 |    sprintf(hello,"SpeedL:%5d\0",diff_left);
      |                             ^~
../Core/Src/main.c:719:12: warning: pointer targets in passing argument 1 of 'sprintf' differ in signedness [-Wpointer-sign]
  719 |    sprintf(hello1,"SpeedR:%5d\0",diff_right);
      |            ^~~~~~
      |            |
      |            uint8_t * {aka unsigned char *}
In file included from ../Core/Src/main.c:26:
c:\st\stm32cubeide_1.10.1\stm32cubeide\plugins\com.st.stm32cube.ide.mcu.externaltools.gnu-tools-for-stm32.10.3-2021.10.win32_1.0.0.202111181127\tools\arm-none-eabi\include\stdio.h:244:14: note: expected 'char * restrict' but argument is of type 'uint8_t *' {aka 'unsigned char *'}
  244 | int sprintf (char *__restrict, const char *__restrict, ...)
      |              ^
../Core/Src/main.c:719:30: warning: embedded '\0' in format [-Wformat-contains-nul]
  719 |    sprintf(hello1,"SpeedR:%5d\0",diff_right);
      |                              ^~
../Core/Src/main.c:637:35: warning: unused variable 'curr_time' [-Wunused-variable]
  637 |  uint32_t start_time , prev_time, curr_time;
      |                                   ^~~~~~~~~
../Core/Src/main.c:637:24: warning: variable 'prev_time' set but not used [-Wunused-but-set-variable]
  637 |  uint32_t start_time , prev_time, curr_time;
      |                        ^~~~~~~~~
../Core/Src/main.c: In function 'encoder_task':
../Core/Src/main.c:848:21: warning: unused variable 'hello2' [-Wunused-variable]
  848 |   uint8_t hello[20],hello2[20];
      |                     ^~~~~~
../Core/Src/main.c:848:11: warning: unused variable 'hello' [-Wunused-variable]
  848 |   uint8_t hello[20],hello2[20];
      |           ^~~~~
../Core/Src/main.c:842:37: warning: variable 'diff2' set but not used [-Wunused-but-set-variable]
  842 |   int cnt1, cnt2, diff, cnt3, cnt4, diff2;
      |                                     ^~~~~
../Core/Src/main.c:842:19: warning: variable 'diff' set but not used [-Wunused-but-set-variable]
  842 |   int cnt1, cnt2, diff, cnt3, cnt4, diff2;
      |                   ^~~~
arm-none-eabi-gcc -o "MDP_STM.elf" @"objects.list"   -mcpu=cortex-m4 -T"C:\Users\ongme\Documents\GitHub\CZ3004_MDP_AY22-23_S1_G13\STM32F407vet6\MDP_STM\STM32F407VETX_FLASH.ld" --specs=nosys.specs -Wl,-Map="MDP_STM.map" -Wl,--gc-sections -static --specs=nano.specs -mfpu=fpv4-sp-d16 -mfloat-abi=hard -mthumb -Wl,--start-group -lc -lm -Wl,--end-group
Finished building target: MDP_STM.elf
 
arm-none-eabi-size   MDP_STM.elf 
arm-none-eabi-objdump -h -S  MDP_STM.elf  > "MDP_STM.list"
arm-none-eabi-objcopy  -O ihex  MDP_STM.elf  "MDP_STM.hex"
arm-none-eabi-objcopy  -O binary  MDP_STM.elf  "MDP_STM.bin"
   text	   data	    bss	    dec	    hex	filename
  23192	    124	  21772	  45088	   b020	MDP_STM.elf
Finished building: default.size.stdout
 
Finished building: MDP_STM.hex
Finished building: MDP_STM.bin
Finished building: MDP_STM.list
 
 
 
09:46:09 **** Incremental Build of configuration Release for project MDP_STM ****
make -j12 all 
arm-none-eabi-gcc "../Core/Src/main.c" -mcpu=cortex-m4 -std=gnu11 -DUSE_HAL_DRIVER -DSTM32F407xx -c -I../Core/Inc -I../Drivers/STM32F4xx_HAL_Driver/Inc -I../Drivers/STM32F4xx_HAL_Driver/Inc/Legacy -I../Drivers/CMSIS/Device/ST/STM32F4xx/Include -I../Drivers/CMSIS/Include -I"C:/Users/ongme/Documents/GitHub/CZ3004_MDP_AY22-23_S1_G13/STM32F407vet6/MDP_STM/PeripheralDriver/Inc" -I../Middlewares/Third_Party/FreeRTOS/Source/include -I../Middlewares/Third_Party/FreeRTOS/Source/CMSIS_RTOS_V2 -I../Middlewares/Third_Party/FreeRTOS/Source/portable/GCC/ARM_CM4F -Os -ffunction-sections -fdata-sections -Wall -fstack-usage -MMD -MP -MF"Core/Src/main.d" -MT"Core/Src/main.o" --specs=nano.specs -mfpu=fpv4-sp-d16 -mfloat-abi=hard -mthumb -o "Core/Src/main.o"
../Core/Src/main.c: In function 'move':
../Core/Src/main.c:717:12: warning: pointer targets in passing argument 1 of 'sprintf' differ in signedness [-Wpointer-sign]
  717 |    sprintf(hello,"SpeedL:%5d\0",diff_left);
      |            ^~~~~
      |            |
      |            uint8_t * {aka unsigned char *}
In file included from ../Core/Src/main.c:26:
c:\st\stm32cubeide_1.10.1\stm32cubeide\plugins\com.st.stm32cube.ide.mcu.externaltools.gnu-tools-for-stm32.10.3-2021.10.win32_1.0.0.202111181127\tools\arm-none-eabi\include\stdio.h:244:14: note: expected 'char * restrict' but argument is of type 'uint8_t *' {aka 'unsigned char *'}
  244 | int sprintf (char *__restrict, const char *__restrict, ...)
      |              ^
../Core/Src/main.c:717:29: warning: embedded '\0' in format [-Wformat-contains-nul]
  717 |    sprintf(hello,"SpeedL:%5d\0",diff_left);
      |                             ^~
../Core/Src/main.c:719:12: warning: pointer targets in passing argument 1 of 'sprintf' differ in signedness [-Wpointer-sign]
  719 |    sprintf(hello1,"SpeedR:%5d\0",diff_right);
      |            ^~~~~~
      |            |
      |            uint8_t * {aka unsigned char *}
In file included from ../Core/Src/main.c:26:
c:\st\stm32cubeide_1.10.1\stm32cubeide\plugins\com.st.stm32cube.ide.mcu.externaltools.gnu-tools-for-stm32.10.3-2021.10.win32_1.0.0.202111181127\tools\arm-none-eabi\include\stdio.h:244:14: note: expected 'char * restrict' but argument is of type 'uint8_t *' {aka 'unsigned char *'}
  244 | int sprintf (char *__restrict, const char *__restrict, ...)
      |              ^
../Core/Src/main.c:719:30: warning: embedded '\0' in format [-Wformat-contains-nul]
  719 |    sprintf(hello1,"SpeedR:%5d\0",diff_right);
      |                              ^~
../Core/Src/main.c:637:35: warning: unused variable 'curr_time' [-Wunused-variable]
  637 |  uint32_t start_time , prev_time, curr_time;
      |                                   ^~~~~~~~~
../Core/Src/main.c:637:24: warning: variable 'prev_time' set but not used [-Wunused-but-set-variable]
  637 |  uint32_t start_time , prev_time, curr_time;
      |                        ^~~~~~~~~
../Core/Src/main.c: In function 'show':
../Core/Src/main.c:798:19: warning: passing argument 1 of 'OLED_ShowString' makes integer from pointer without a cast [-Wint-conversion]
  798 |   OLED_ShowString(aRxBuffer,'\0');
      |                   ^~~~~~~~~
      |                   |
      |                   uint8_t * {aka unsigned char *}
In file included from ../Core/Src/main.c:25:
../Core/Inc/oled.h:49:30: note: expected 'uint8_t' {aka 'unsigned char'} but argument is of type 'uint8_t *' {aka 'unsigned char *'}
   49 | void OLED_ShowString(uint8_t x,uint8_t y,const uint8_t *p);
      |                      ~~~~~~~~^
../Core/Src/main.c:798:3: error: too few arguments to function 'OLED_ShowString'
  798 |   OLED_ShowString(aRxBuffer,'\0');
      |   ^~~~~~~~~~~~~~~
In file included from ../Core/Src/main.c:25:
../Core/Inc/oled.h:49:6: note: declared here
   49 | void OLED_ShowString(uint8_t x,uint8_t y,const uint8_t *p);
      |      ^~~~~~~~~~~~~~~
../Core/Src/main.c:795:10: warning: unused variable 'hello' [-Wunused-variable]
  795 |  uint8_t hello[20] = "Hello World!\0";
      |          ^~~~~
../Core/Src/main.c: In function 'encoder_task':
../Core/Src/main.c:861:21: warning: unused variable 'hello2' [-Wunused-variable]
  861 |   uint8_t hello[20],hello2[20];
      |                     ^~~~~~
../Core/Src/main.c:861:11: warning: unused variable 'hello' [-Wunused-variable]
  861 |   uint8_t hello[20],hello2[20];
      |           ^~~~~
../Core/Src/main.c:855:37: warning: variable 'diff2' set but not used [-Wunused-but-set-variable]
  855 |   int cnt1, cnt2, diff, cnt3, cnt4, diff2;
      |                                     ^~~~~
../Core/Src/main.c:855:19: warning: variable 'diff' set but not used [-Wunused-but-set-variable]
  855 |   int cnt1, cnt2, diff, cnt3, cnt4, diff2;
      |                   ^~~~
make: *** [Core/Src/subdir.mk:37: Core/Src/main.o] Error 1
"make -j12 all" terminated with exit code 2. Build might be incomplete.
09:46:47 **** Incremental Build of configuration Release for project MDP_STM ****
make -j12 all 
arm-none-eabi-gcc "../Core/Src/main.c" -mcpu=cortex-m4 -std=gnu11 -DUSE_HAL_DRIVER -DSTM32F407xx -c -I../Core/Inc -I../Drivers/STM32F4xx_HAL_Driver/Inc -I../Drivers/STM32F4xx_HAL_Driver/Inc/Legacy -I../Drivers/CMSIS/Device/ST/STM32F4xx/Include -I../Drivers/CMSIS/Include -I"C:/Users/ongme/Documents/GitHub/CZ3004_MDP_AY22-23_S1_G13/STM32F407vet6/MDP_STM/PeripheralDriver/Inc" -I../Middlewares/Third_Party/FreeRTOS/Source/include -I../Middlewares/Third_Party/FreeRTOS/Source/CMSIS_RTOS_V2 -I../Middlewares/Third_Party/FreeRTOS/Source/portable/GCC/ARM_CM4F -Os -ffunction-sections -fdata-sections -Wall -fstack-usage -MMD -MP -MF"Core/Src/main.d" -MT"Core/Src/main.o" --specs=nano.specs -mfpu=fpv4-sp-d16 -mfloat-abi=hard -mthumb -o "Core/Src/main.o"
../Core/Src/main.c: In function 'move':
../Core/Src/main.c:717:12: warning: pointer targets in passing argument 1 of 'sprintf' differ in signedness [-Wpointer-sign]
  717 |    sprintf(hello,"SpeedL:%5d\0",diff_left);
      |            ^~~~~
      |            |
      |            uint8_t * {aka unsigned char *}
In file included from ../Core/Src/main.c:26:
c:\st\stm32cubeide_1.10.1\stm32cubeide\plugins\com.st.stm32cube.ide.mcu.externaltools.gnu-tools-for-stm32.10.3-2021.10.win32_1.0.0.202111181127\tools\arm-none-eabi\include\stdio.h:244:14: note: expected 'char * restrict' but argument is of type 'uint8_t *' {aka 'unsigned char *'}
  244 | int sprintf (char *__restrict, const char *__restrict, ...)
      |              ^
../Core/Src/main.c:717:29: warning: embedded '\0' in format [-Wformat-contains-nul]
  717 |    sprintf(hello,"SpeedL:%5d\0",diff_left);
      |                             ^~
../Core/Src/main.c:719:12: warning: pointer targets in passing argument 1 of 'sprintf' differ in signedness [-Wpointer-sign]
  719 |    sprintf(hello1,"SpeedR:%5d\0",diff_right);
      |            ^~~~~~
      |            |
      |            uint8_t * {aka unsigned char *}
In file included from ../Core/Src/main.c:26:
c:\st\stm32cubeide_1.10.1\stm32cubeide\plugins\com.st.stm32cube.ide.mcu.externaltools.gnu-tools-for-stm32.10.3-2021.10.win32_1.0.0.202111181127\tools\arm-none-eabi\include\stdio.h:244:14: note: expected 'char * restrict' but argument is of type 'uint8_t *' {aka 'unsigned char *'}
  244 | int sprintf (char *__restrict, const char *__restrict, ...)
      |              ^
../Core/Src/main.c:719:30: warning: embedded '\0' in format [-Wformat-contains-nul]
  719 |    sprintf(hello1,"SpeedR:%5d\0",diff_right);
      |                              ^~
../Core/Src/main.c:637:35: warning: unused variable 'curr_time' [-Wunused-variable]
  637 |  uint32_t start_time , prev_time, curr_time;
      |                                   ^~~~~~~~~
../Core/Src/main.c:637:24: warning: variable 'prev_time' set but not used [-Wunused-but-set-variable]
  637 |  uint32_t start_time , prev_time, curr_time;
      |                        ^~~~~~~~~
../Core/Src/main.c: In function 'show':
../Core/Src/main.c:795:10: warning: unused variable 'hello' [-Wunused-variable]
  795 |  uint8_t hello[20] = "Hello World!\0";
      |          ^~~~~
../Core/Src/main.c: In function 'encoder_task':
../Core/Src/main.c:861:21: warning: unused variable 'hello2' [-Wunused-variable]
  861 |   uint8_t hello[20],hello2[20];
      |                     ^~~~~~
../Core/Src/main.c:861:11: warning: unused variable 'hello' [-Wunused-variable]
  861 |   uint8_t hello[20],hello2[20];
      |           ^~~~~
../Core/Src/main.c:855:37: warning: variable 'diff2' set but not used [-Wunused-but-set-variable]
  855 |   int cnt1, cnt2, diff, cnt3, cnt4, diff2;
      |                                     ^~~~~
../Core/Src/main.c:855:19: warning: variable 'diff' set but not used [-Wunused-but-set-variable]
  855 |   int cnt1, cnt2, diff, cnt3, cnt4, diff2;
      |                   ^~~~
arm-none-eabi-gcc -o "MDP_STM.elf" @"objects.list"   -mcpu=cortex-m4 -T"C:\Users\ongme\Documents\GitHub\CZ3004_MDP_AY22-23_S1_G13\STM32F407vet6\MDP_STM\STM32F407VETX_FLASH.ld" --specs=nosys.specs -Wl,-Map="MDP_STM.map" -Wl,--gc-sections -static --specs=nano.specs -mfpu=fpv4-sp-d16 -mfloat-abi=hard -mthumb -Wl,--start-group -lc -lm -Wl,--end-group
Finished building target: MDP_STM.elf
 
arm-none-eabi-size   MDP_STM.elf 
arm-none-eabi-objdump -h -S  MDP_STM.elf  > "MDP_STM.list"
arm-none-eabi-objcopy  -O ihex  MDP_STM.elf  "MDP_STM.hex"
arm-none-eabi-objcopy  -O binary  MDP_STM.elf  "MDP_STM.bin"
   text	   data	    bss	    dec	    hex	filename
  23124	    124	  21772	  45020	   afdc	MDP_STM.elf
Finished building: default.size.stdout
 
Finished building: MDP_STM.list
 
Finished building: MDP_STM.bin
 
Finished building: MDP_STM.hex
 
09:46:59 **** Incremental Build of configuration Release for project MDP_STM ****
make -j12 all 
arm-none-eabi-gcc "../Core/Src/main.c" -mcpu=cortex-m4 -std=gnu11 -DUSE_HAL_DRIVER -DSTM32F407xx -c -I../Core/Inc -I../Drivers/STM32F4xx_HAL_Driver/Inc -I../Drivers/STM32F4xx_HAL_Driver/Inc/Legacy -I../Drivers/CMSIS/Device/ST/STM32F4xx/Include -I../Drivers/CMSIS/Include -I"C:/Users/ongme/Documents/GitHub/CZ3004_MDP_AY22-23_S1_G13/STM32F407vet6/MDP_STM/PeripheralDriver/Inc" -I../Middlewares/Third_Party/FreeRTOS/Source/include -I../Middlewares/Third_Party/FreeRTOS/Source/CMSIS_RTOS_V2 -I../Middlewares/Third_Party/FreeRTOS/Source/portable/GCC/ARM_CM4F -Os -ffunction-sections -fdata-sections -Wall -fstack-usage -MMD -MP -MF"Core/Src/main.d" -MT"Core/Src/main.o" --specs=nano.specs -mfpu=fpv4-sp-d16 -mfloat-abi=hard -mthumb -o "Core/Src/main.o"
../Core/Src/main.c: In function 'move':
../Core/Src/main.c:717:12: warning: pointer targets in passing argument 1 of 'sprintf' differ in signedness [-Wpointer-sign]
  717 |    sprintf(hello,"SpeedL:%5d\0",diff_left);
      |            ^~~~~
      |            |
      |            uint8_t * {aka unsigned char *}
In file included from ../Core/Src/main.c:26:
c:\st\stm32cubeide_1.10.1\stm32cubeide\plugins\com.st.stm32cube.ide.mcu.externaltools.gnu-tools-for-stm32.10.3-2021.10.win32_1.0.0.202111181127\tools\arm-none-eabi\include\stdio.h:244:14: note: expected 'char * restrict' but argument is of type 'uint8_t *' {aka 'unsigned char *'}
  244 | int sprintf (char *__restrict, const char *__restrict, ...)
      |              ^
../Core/Src/main.c:717:29: warning: embedded '\0' in format [-Wformat-contains-nul]
  717 |    sprintf(hello,"SpeedL:%5d\0",diff_left);
      |                             ^~
../Core/Src/main.c:719:12: warning: pointer targets in passing argument 1 of 'sprintf' differ in signedness [-Wpointer-sign]
  719 |    sprintf(hello1,"SpeedR:%5d\0",diff_right);
      |            ^~~~~~
      |            |
      |            uint8_t * {aka unsigned char *}
In file included from ../Core/Src/main.c:26:
c:\st\stm32cubeide_1.10.1\stm32cubeide\plugins\com.st.stm32cube.ide.mcu.externaltools.gnu-tools-for-stm32.10.3-2021.10.win32_1.0.0.202111181127\tools\arm-none-eabi\include\stdio.h:244:14: note: expected 'char * restrict' but argument is of type 'uint8_t *' {aka 'unsigned char *'}
  244 | int sprintf (char *__restrict, const char *__restrict, ...)
      |              ^
../Core/Src/main.c:719:30: warning: embedded '\0' in format [-Wformat-contains-nul]
  719 |    sprintf(hello1,"SpeedR:%5d\0",diff_right);
      |                              ^~
../Core/Src/main.c:637:35: warning: unused variable 'curr_time' [-Wunused-variable]
  637 |  uint32_t start_time , prev_time, curr_time;
      |                                   ^~~~~~~~~
../Core/Src/main.c:637:24: warning: variable 'prev_time' set but not used [-Wunused-but-set-variable]
  637 |  uint32_t start_time , prev_time, curr_time;
      |                        ^~~~~~~~~
../Core/Src/main.c: In function 'encoder_task':
../Core/Src/main.c:861:21: warning: unused variable 'hello2' [-Wunused-variable]
  861 |   uint8_t hello[20],hello2[20];
      |                     ^~~~~~
../Core/Src/main.c:861:11: warning: unused variable 'hello' [-Wunused-variable]
  861 |   uint8_t hello[20],hello2[20];
      |           ^~~~~
../Core/Src/main.c:855:37: warning: variable 'diff2' set but not used [-Wunused-but-set-variable]
  855 |   int cnt1, cnt2, diff, cnt3, cnt4, diff2;
      |                                     ^~~~~
../Core/Src/main.c:855:19: warning: variable 'diff' set but not used [-Wunused-but-set-variable]
  855 |   int cnt1, cnt2, diff, cnt3, cnt4, diff2;
      |                   ^~~~
arm-none-eabi-gcc -o "MDP_STM.elf" @"objects.list"   -mcpu=cortex-m4 -T"C:\Users\ongme\Documents\GitHub\CZ3004_MDP_AY22-23_S1_G13\STM32F407vet6\MDP_STM\STM32F407VETX_FLASH.ld" --specs=nosys.specs -Wl,-Map="MDP_STM.map" -Wl,--gc-sections -static --specs=nano.specs -mfpu=fpv4-sp-d16 -mfloat-abi=hard -mthumb -Wl,--start-group -lc -lm -Wl,--end-group
Finished building target: MDP_STM.elf
 
arm-none-eabi-size   MDP_STM.elf 
arm-none-eabi-objdump -h -S  MDP_STM.elf  > "MDP_STM.list"
arm-none-eabi-objcopy  -O ihex  MDP_STM.elf  "MDP_STM.hex"
arm-none-eabi-objcopy  -O binary  MDP_STM.elf  "MDP_STM.bin"
   text	   data	    bss	    dec	    hex	filename
  23124	    124	  21772	  45020	   afdc	MDP_STM.elf
Finished building: default.size.stdout
 
Finished building: MDP_STM.hex
 
Finished building: MDP_STM.bin
 
Finished building: MDP_STM.list
 
09:54:50 **** Incremental Build of configuration Release for project MDP_STM ****
make -j12 all 
arm-none-eabi-gcc "../Core/Src/main.c" -mcpu=cortex-m4 -std=gnu11 -DUSE_HAL_DRIVER -DSTM32F407xx -c -I../Core/Inc -I../Drivers/STM32F4xx_HAL_Driver/Inc -I../Drivers/STM32F4xx_HAL_Driver/Inc/Legacy -I../Drivers/CMSIS/Device/ST/STM32F4xx/Include -I../Drivers/CMSIS/Include -I"C:/Users/ongme/Documents/GitHub/CZ3004_MDP_AY22-23_S1_G13/STM32F407vet6/MDP_STM/PeripheralDriver/Inc" -I../Middlewares/Third_Party/FreeRTOS/Source/include -I../Middlewares/Third_Party/FreeRTOS/Source/CMSIS_RTOS_V2 -I../Middlewares/Third_Party/FreeRTOS/Source/portable/GCC/ARM_CM4F -Os -ffunction-sections -fdata-sections -Wall -fstack-usage -MMD -MP -MF"Core/Src/main.d" -MT"Core/Src/main.o" --specs=nano.specs -mfpu=fpv4-sp-d16 -mfloat-abi=hard -mthumb -o "Core/Src/main.o"
../Core/Src/main.c: In function 'move':
../Core/Src/main.c:717:12: warning: pointer targets in passing argument 1 of 'sprintf' differ in signedness [-Wpointer-sign]
  717 |    sprintf(hello,"SpeedL:%5d\0",diff_left);
      |            ^~~~~
      |            |
      |            uint8_t * {aka unsigned char *}
In file included from ../Core/Src/main.c:26:
c:\st\stm32cubeide_1.10.1\stm32cubeide\plugins\com.st.stm32cube.ide.mcu.externaltools.gnu-tools-for-stm32.10.3-2021.10.win32_1.0.0.202111181127\tools\arm-none-eabi\include\stdio.h:244:14: note: expected 'char * restrict' but argument is of type 'uint8_t *' {aka 'unsigned char *'}
  244 | int sprintf (char *__restrict, const char *__restrict, ...)
      |              ^
../Core/Src/main.c:717:29: warning: embedded '\0' in format [-Wformat-contains-nul]
  717 |    sprintf(hello,"SpeedL:%5d\0",diff_left);
      |                             ^~
../Core/Src/main.c:719:12: warning: pointer targets in passing argument 1 of 'sprintf' differ in signedness [-Wpointer-sign]
  719 |    sprintf(hello1,"SpeedR:%5d\0",diff_right);
      |            ^~~~~~
      |            |
      |            uint8_t * {aka unsigned char *}
In file included from ../Core/Src/main.c:26:
c:\st\stm32cubeide_1.10.1\stm32cubeide\plugins\com.st.stm32cube.ide.mcu.externaltools.gnu-tools-for-stm32.10.3-2021.10.win32_1.0.0.202111181127\tools\arm-none-eabi\include\stdio.h:244:14: note: expected 'char * restrict' but argument is of type 'uint8_t *' {aka 'unsigned char *'}
  244 | int sprintf (char *__restrict, const char *__restrict, ...)
      |              ^
../Core/Src/main.c:719:30: warning: embedded '\0' in format [-Wformat-contains-nul]
  719 |    sprintf(hello1,"SpeedR:%5d\0",diff_right);
      |                              ^~
../Core/Src/main.c:637:35: warning: unused variable 'curr_time' [-Wunused-variable]
  637 |  uint32_t start_time , prev_time, curr_time;
      |                                   ^~~~~~~~~
../Core/Src/main.c:637:24: warning: variable 'prev_time' set but not used [-Wunused-but-set-variable]
  637 |  uint32_t start_time , prev_time, curr_time;
      |                        ^~~~~~~~~
../Core/Src/main.c: In function 'HAL_UART_RxCpltCallback':
../Core/Src/main.c:747:16: warning: comparison between pointer and integer
  747 |  if (aRxBuffer == 'w'){
      |                ^~
../Core/Src/main.c:750:16: warning: comparison between pointer and integer
  750 |  if (aRxBuffer == 's'){
      |                ^~
../Core/Src/main.c:753:16: warning: comparison between pointer and integer
  753 |  if (aRxBuffer == 'a'){
      |                ^~
../Core/Src/main.c:756:16: warning: comparison between pointer and integer
  756 |  if (aRxBuffer == 'd'){
      |                ^~
../Core/Src/main.c: In function 'encoder_task':
../Core/Src/main.c:873:21: warning: unused variable 'hello2' [-Wunused-variable]
  873 |   uint8_t hello[20],hello2[20];
      |                     ^~~~~~
../Core/Src/main.c:873:11: warning: unused variable 'hello' [-Wunused-variable]
  873 |   uint8_t hello[20],hello2[20];
      |           ^~~~~
../Core/Src/main.c:867:37: warning: variable 'diff2' set but not used [-Wunused-but-set-variable]
  867 |   int cnt1, cnt2, diff, cnt3, cnt4, diff2;
      |                                     ^~~~~
../Core/Src/main.c:867:19: warning: variable 'diff' set but not used [-Wunused-but-set-variable]
  867 |   int cnt1, cnt2, diff, cnt3, cnt4, diff2;
      |                   ^~~~
arm-none-eabi-gcc -o "MDP_STM.elf" @"objects.list"   -mcpu=cortex-m4 -T"C:\Users\ongme\Documents\GitHub\CZ3004_MDP_AY22-23_S1_G13\STM32F407vet6\MDP_STM\STM32F407VETX_FLASH.ld" --specs=nosys.specs -Wl,-Map="MDP_STM.map" -Wl,--gc-sections -static --specs=nano.specs -mfpu=fpv4-sp-d16 -mfloat-abi=hard -mthumb -Wl,--start-group -lc -lm -Wl,--end-group
Finished building target: MDP_STM.elf
 
arm-none-eabi-size   MDP_STM.elf 
arm-none-eabi-objdump -h -S  MDP_STM.elf  > "MDP_STM.list"
arm-none-eabi-objcopy  -O ihex  MDP_STM.elf  "MDP_STM.hex"
arm-none-eabi-objcopy  -O binary  MDP_STM.elf  "MDP_STM.bin"
   text	   data	    bss	    dec	    hex	filename
  23204	    124	  21772	  45100	   b02c	MDP_STM.elf
Finished building: default.size.stdout
 
Finished building: MDP_STM.bin
Finished building: MDP_STM.list
 
Finished building: MDP_STM.hex
 
 
09:55:14 **** Incremental Build of configuration Release for project MDP_STM ****
make -j12 all 
arm-none-eabi-gcc "../Core/Src/main.c" -mcpu=cortex-m4 -std=gnu11 -DUSE_HAL_DRIVER -DSTM32F407xx -c -I../Core/Inc -I../Drivers/STM32F4xx_HAL_Driver/Inc -I../Drivers/STM32F4xx_HAL_Driver/Inc/Legacy -I../Drivers/CMSIS/Device/ST/STM32F4xx/Include -I../Drivers/CMSIS/Include -I"C:/Users/ongme/Documents/GitHub/CZ3004_MDP_AY22-23_S1_G13/STM32F407vet6/MDP_STM/PeripheralDriver/Inc" -I../Middlewares/Third_Party/FreeRTOS/Source/include -I../Middlewares/Third_Party/FreeRTOS/Source/CMSIS_RTOS_V2 -I../Middlewares/Third_Party/FreeRTOS/Source/portable/GCC/ARM_CM4F -Os -ffunction-sections -fdata-sections -Wall -fstack-usage -MMD -MP -MF"Core/Src/main.d" -MT"Core/Src/main.o" --specs=nano.specs -mfpu=fpv4-sp-d16 -mfloat-abi=hard -mthumb -o "Core/Src/main.o"
../Core/Src/main.c: In function 'move':
../Core/Src/main.c:717:12: warning: pointer targets in passing argument 1 of 'sprintf' differ in signedness [-Wpointer-sign]
  717 |    sprintf(hello,"SpeedL:%5d\0",diff_left);
      |            ^~~~~
      |            |
      |            uint8_t * {aka unsigned char *}
In file included from ../Core/Src/main.c:26:
c:\st\stm32cubeide_1.10.1\stm32cubeide\plugins\com.st.stm32cube.ide.mcu.externaltools.gnu-tools-for-stm32.10.3-2021.10.win32_1.0.0.202111181127\tools\arm-none-eabi\include\stdio.h:244:14: note: expected 'char * restrict' but argument is of type 'uint8_t *' {aka 'unsigned char *'}
  244 | int sprintf (char *__restrict, const char *__restrict, ...)
      |              ^
../Core/Src/main.c:717:29: warning: embedded '\0' in format [-Wformat-contains-nul]
  717 |    sprintf(hello,"SpeedL:%5d\0",diff_left);
      |                             ^~
../Core/Src/main.c:719:12: warning: pointer targets in passing argument 1 of 'sprintf' differ in signedness [-Wpointer-sign]
  719 |    sprintf(hello1,"SpeedR:%5d\0",diff_right);
      |            ^~~~~~
      |            |
      |            uint8_t * {aka unsigned char *}
In file included from ../Core/Src/main.c:26:
c:\st\stm32cubeide_1.10.1\stm32cubeide\plugins\com.st.stm32cube.ide.mcu.externaltools.gnu-tools-for-stm32.10.3-2021.10.win32_1.0.0.202111181127\tools\arm-none-eabi\include\stdio.h:244:14: note: expected 'char * restrict' but argument is of type 'uint8_t *' {aka 'unsigned char *'}
  244 | int sprintf (char *__restrict, const char *__restrict, ...)
      |              ^
../Core/Src/main.c:719:30: warning: embedded '\0' in format [-Wformat-contains-nul]
  719 |    sprintf(hello1,"SpeedR:%5d\0",diff_right);
      |                              ^~
../Core/Src/main.c:637:35: warning: unused variable 'curr_time' [-Wunused-variable]
  637 |  uint32_t start_time , prev_time, curr_time;
      |                                   ^~~~~~~~~
../Core/Src/main.c:637:24: warning: variable 'prev_time' set but not used [-Wunused-but-set-variable]
  637 |  uint32_t start_time , prev_time, curr_time;
      |                        ^~~~~~~~~
../Core/Src/main.c: In function 'encoder_task':
../Core/Src/main.c:873:21: warning: unused variable 'hello2' [-Wunused-variable]
  873 |   uint8_t hello[20],hello2[20];
      |                     ^~~~~~
../Core/Src/main.c:873:11: warning: unused variable 'hello' [-Wunused-variable]
  873 |   uint8_t hello[20],hello2[20];
      |           ^~~~~
../Core/Src/main.c:867:37: warning: variable 'diff2' set but not used [-Wunused-but-set-variable]
  867 |   int cnt1, cnt2, diff, cnt3, cnt4, diff2;
      |                                     ^~~~~
../Core/Src/main.c:867:19: warning: variable 'diff' set but not used [-Wunused-but-set-variable]
  867 |   int cnt1, cnt2, diff, cnt3, cnt4, diff2;
      |                   ^~~~
arm-none-eabi-gcc -o "MDP_STM.elf" @"objects.list"   -mcpu=cortex-m4 -T"C:\Users\ongme\Documents\GitHub\CZ3004_MDP_AY22-23_S1_G13\STM32F407vet6\MDP_STM\STM32F407VETX_FLASH.ld" --specs=nosys.specs -Wl,-Map="MDP_STM.map" -Wl,--gc-sections -static --specs=nano.specs -mfpu=fpv4-sp-d16 -mfloat-abi=hard -mthumb -Wl,--start-group -lc -lm -Wl,--end-group
Finished building target: MDP_STM.elf
 
arm-none-eabi-size   MDP_STM.elf 
arm-none-eabi-objdump -h -S  MDP_STM.elf  > "MDP_STM.list"
arm-none-eabi-objcopy  -O ihex  MDP_STM.elf  "MDP_STM.hex"
arm-none-eabi-objcopy  -O binary  MDP_STM.elf  "MDP_STM.bin"
   text	   data	    bss	    dec	    hex	filename
  23220	    124	  21772	  45116	   b03c	MDP_STM.elf
Finished building: MDP_STM.bin
Finished building: MDP_STM.list
Finished building: default.size.stdout
 
Finished building: MDP_STM.hex
 
 
 
10:01:38 **** Incremental Build of configuration Release for project MDP_STM ****
make -j12 all 
arm-none-eabi-gcc "../Core/Src/main.c" -mcpu=cortex-m4 -std=gnu11 -DUSE_HAL_DRIVER -DSTM32F407xx -c -I../Core/Inc -I../Drivers/STM32F4xx_HAL_Driver/Inc -I../Drivers/STM32F4xx_HAL_Driver/Inc/Legacy -I../Drivers/CMSIS/Device/ST/STM32F4xx/Include -I../Drivers/CMSIS/Include -I"C:/Users/ongme/Documents/GitHub/CZ3004_MDP_AY22-23_S1_G13/STM32F407vet6/MDP_STM/PeripheralDriver/Inc" -I../Middlewares/Third_Party/FreeRTOS/Source/include -I../Middlewares/Third_Party/FreeRTOS/Source/CMSIS_RTOS_V2 -I../Middlewares/Third_Party/FreeRTOS/Source/portable/GCC/ARM_CM4F -Os -ffunction-sections -fdata-sections -Wall -fstack-usage -MMD -MP -MF"Core/Src/main.d" -MT"Core/Src/main.o" --specs=nano.specs -mfpu=fpv4-sp-d16 -mfloat-abi=hard -mthumb -o "Core/Src/main.o"
../Core/Src/main.c: In function 'move':
../Core/Src/main.c:717:12: warning: pointer targets in passing argument 1 of 'sprintf' differ in signedness [-Wpointer-sign]
  717 |    sprintf(hello,"SpeedL:%5d\0",diff_left);
      |            ^~~~~
      |            |
      |            uint8_t * {aka unsigned char *}
In file included from ../Core/Src/main.c:26:
c:\st\stm32cubeide_1.10.1\stm32cubeide\plugins\com.st.stm32cube.ide.mcu.externaltools.gnu-tools-for-stm32.10.3-2021.10.win32_1.0.0.202111181127\tools\arm-none-eabi\include\stdio.h:244:14: note: expected 'char * restrict' but argument is of type 'uint8_t *' {aka 'unsigned char *'}
  244 | int sprintf (char *__restrict, const char *__restrict, ...)
      |              ^
../Core/Src/main.c:717:29: warning: embedded '\0' in format [-Wformat-contains-nul]
  717 |    sprintf(hello,"SpeedL:%5d\0",diff_left);
      |                             ^~
../Core/Src/main.c:719:12: warning: pointer targets in passing argument 1 of 'sprintf' differ in signedness [-Wpointer-sign]
  719 |    sprintf(hello1,"SpeedR:%5d\0",diff_right);
      |            ^~~~~~
      |            |
      |            uint8_t * {aka unsigned char *}
In file included from ../Core/Src/main.c:26:
c:\st\stm32cubeide_1.10.1\stm32cubeide\plugins\com.st.stm32cube.ide.mcu.externaltools.gnu-tools-for-stm32.10.3-2021.10.win32_1.0.0.202111181127\tools\arm-none-eabi\include\stdio.h:244:14: note: expected 'char * restrict' but argument is of type 'uint8_t *' {aka 'unsigned char *'}
  244 | int sprintf (char *__restrict, const char *__restrict, ...)
      |              ^
../Core/Src/main.c:719:30: warning: embedded '\0' in format [-Wformat-contains-nul]
  719 |    sprintf(hello1,"SpeedR:%5d\0",diff_right);
      |                              ^~
../Core/Src/main.c:637:35: warning: unused variable 'curr_time' [-Wunused-variable]
  637 |  uint32_t start_time , prev_time, curr_time;
      |                                   ^~~~~~~~~
../Core/Src/main.c:637:24: warning: variable 'prev_time' set but not used [-Wunused-but-set-variable]
  637 |  uint32_t start_time , prev_time, curr_time;
      |                        ^~~~~~~~~
../Core/Src/main.c: In function 'HAL_UART_RxCpltCallback':
../Core/Src/main.c:747:10: warning: passing argument 1 of 'sprintf' makes pointer from integer without a cast [-Wint-conversion]
  747 |  sprintf(*aRxBuffer,'\0');
      |          ^~~~~~~~~~
      |          |
      |          uint8_t {aka unsigned char}
In file included from ../Core/Src/main.c:26:
c:\st\stm32cubeide_1.10.1\stm32cubeide\plugins\com.st.stm32cube.ide.mcu.externaltools.gnu-tools-for-stm32.10.3-2021.10.win32_1.0.0.202111181127\tools\arm-none-eabi\include\stdio.h:244:14: note: expected 'char * restrict' but argument is of type 'uint8_t' {aka 'unsigned char'}
  244 | int sprintf (char *__restrict, const char *__restrict, ...)
      |              ^
../Core/Src/main.c:747:2: warning: null argument where non-null required (argument 2) [-Wnonnull]
  747 |  sprintf(*aRxBuffer,'\0');
      |  ^~~~~~~
../Core/Src/main.c: In function 'encoder_task':
../Core/Src/main.c:874:21: warning: unused variable 'hello2' [-Wunused-variable]
  874 |   uint8_t hello[20],hello2[20];
      |                     ^~~~~~
../Core/Src/main.c:874:11: warning: unused variable 'hello' [-Wunused-variable]
  874 |   uint8_t hello[20],hello2[20];
      |           ^~~~~
../Core/Src/main.c:868:37: warning: variable 'diff2' set but not used [-Wunused-but-set-variable]
  868 |   int cnt1, cnt2, diff, cnt3, cnt4, diff2;
      |                                     ^~~~~
../Core/Src/main.c:868:19: warning: variable 'diff' set but not used [-Wunused-but-set-variable]
  868 |   int cnt1, cnt2, diff, cnt3, cnt4, diff2;
      |                   ^~~~
../Core/Src/main.c: In function 'HAL_UART_RxCpltCallback':
../Core/Src/main.c:747:2: warning: null format string [-Wformat-overflow=]
  747 |  sprintf(*aRxBuffer,'\0');
      |  ^~~~~~~~~~~~~~~~~~~~~~~~
arm-none-eabi-gcc -o "MDP_STM.elf" @"objects.list"   -mcpu=cortex-m4 -T"C:\Users\ongme\Documents\GitHub\CZ3004_MDP_AY22-23_S1_G13\STM32F407vet6\MDP_STM\STM32F407VETX_FLASH.ld" --specs=nosys.specs -Wl,-Map="MDP_STM.map" -Wl,--gc-sections -static --specs=nano.specs -mfpu=fpv4-sp-d16 -mfloat-abi=hard -mthumb -Wl,--start-group -lc -lm -Wl,--end-group
Finished building target: MDP_STM.elf
 
arm-none-eabi-size   MDP_STM.elf 
arm-none-eabi-objdump -h -S  MDP_STM.elf  > "MDP_STM.list"
arm-none-eabi-objcopy  -O ihex  MDP_STM.elf  "MDP_STM.hex"
   text	   data	    bss	    dec	    hex	filename
  23220	    124	  21772	  45116	   b03c	MDP_STM.elf
arm-none-eabi-objcopy  -O binary  MDP_STM.elf  "MDP_STM.bin"
Finished building: default.size.stdout
 
Finished building: MDP_STM.list
Finished building: MDP_STM.bin
 
 
Finished building: MDP_STM.hex
 
10:01:53 **** Incremental Build of configuration Release for project MDP_STM ****
make -j12 all 
arm-none-eabi-gcc "../Core/Src/main.c" -mcpu=cortex-m4 -std=gnu11 -DUSE_HAL_DRIVER -DSTM32F407xx -c -I../Core/Inc -I../Drivers/STM32F4xx_HAL_Driver/Inc -I../Drivers/STM32F4xx_HAL_Driver/Inc/Legacy -I../Drivers/CMSIS/Device/ST/STM32F4xx/Include -I../Drivers/CMSIS/Include -I"C:/Users/ongme/Documents/GitHub/CZ3004_MDP_AY22-23_S1_G13/STM32F407vet6/MDP_STM/PeripheralDriver/Inc" -I../Middlewares/Third_Party/FreeRTOS/Source/include -I../Middlewares/Third_Party/FreeRTOS/Source/CMSIS_RTOS_V2 -I../Middlewares/Third_Party/FreeRTOS/Source/portable/GCC/ARM_CM4F -Os -ffunction-sections -fdata-sections -Wall -fstack-usage -MMD -MP -MF"Core/Src/main.d" -MT"Core/Src/main.o" --specs=nano.specs -mfpu=fpv4-sp-d16 -mfloat-abi=hard -mthumb -o "Core/Src/main.o"
../Core/Src/main.c: In function 'move':
../Core/Src/main.c:717:12: warning: pointer targets in passing argument 1 of 'sprintf' differ in signedness [-Wpointer-sign]
  717 |    sprintf(hello,"SpeedL:%5d\0",diff_left);
      |            ^~~~~
      |            |
      |            uint8_t * {aka unsigned char *}
In file included from ../Core/Src/main.c:26:
c:\st\stm32cubeide_1.10.1\stm32cubeide\plugins\com.st.stm32cube.ide.mcu.externaltools.gnu-tools-for-stm32.10.3-2021.10.win32_1.0.0.202111181127\tools\arm-none-eabi\include\stdio.h:244:14: note: expected 'char * restrict' but argument is of type 'uint8_t *' {aka 'unsigned char *'}
  244 | int sprintf (char *__restrict, const char *__restrict, ...)
      |              ^
../Core/Src/main.c:717:29: warning: embedded '\0' in format [-Wformat-contains-nul]
  717 |    sprintf(hello,"SpeedL:%5d\0",diff_left);
      |                             ^~
../Core/Src/main.c:719:12: warning: pointer targets in passing argument 1 of 'sprintf' differ in signedness [-Wpointer-sign]
  719 |    sprintf(hello1,"SpeedR:%5d\0",diff_right);
      |            ^~~~~~
      |            |
      |            uint8_t * {aka unsigned char *}
In file included from ../Core/Src/main.c:26:
c:\st\stm32cubeide_1.10.1\stm32cubeide\plugins\com.st.stm32cube.ide.mcu.externaltools.gnu-tools-for-stm32.10.3-2021.10.win32_1.0.0.202111181127\tools\arm-none-eabi\include\stdio.h:244:14: note: expected 'char * restrict' but argument is of type 'uint8_t *' {aka 'unsigned char *'}
  244 | int sprintf (char *__restrict, const char *__restrict, ...)
      |              ^
../Core/Src/main.c:719:30: warning: embedded '\0' in format [-Wformat-contains-nul]
  719 |    sprintf(hello1,"SpeedR:%5d\0",diff_right);
      |                              ^~
../Core/Src/main.c:637:35: warning: unused variable 'curr_time' [-Wunused-variable]
  637 |  uint32_t start_time , prev_time, curr_time;
      |                                   ^~~~~~~~~
../Core/Src/main.c:637:24: warning: variable 'prev_time' set but not used [-Wunused-but-set-variable]
  637 |  uint32_t start_time , prev_time, curr_time;
      |                        ^~~~~~~~~
../Core/Src/main.c: In function 'HAL_UART_RxCpltCallback':
../Core/Src/main.c:747:10: warning: passing argument 1 of 'sprintf' makes pointer from integer without a cast [-Wint-conversion]
  747 |  sprintf(*aRxBuffer);
      |          ^~~~~~~~~~
      |          |
      |          uint8_t {aka unsigned char}
In file included from ../Core/Src/main.c:26:
c:\st\stm32cubeide_1.10.1\stm32cubeide\plugins\com.st.stm32cube.ide.mcu.externaltools.gnu-tools-for-stm32.10.3-2021.10.win32_1.0.0.202111181127\tools\arm-none-eabi\include\stdio.h:244:14: note: expected 'char * restrict' but argument is of type 'uint8_t' {aka 'unsigned char'}
  244 | int sprintf (char *__restrict, const char *__restrict, ...)
      |              ^
../Core/Src/main.c:747:2: error: too few arguments to function 'sprintf'
  747 |  sprintf(*aRxBuffer);
      |  ^~~~~~~
In file included from ../Core/Src/main.c:26:
c:\st\stm32cubeide_1.10.1\stm32cubeide\plugins\com.st.stm32cube.ide.mcu.externaltools.gnu-tools-for-stm32.10.3-2021.10.win32_1.0.0.202111181127\tools\arm-none-eabi\include\stdio.h:244:5: note: declared here
  244 | int sprintf (char *__restrict, const char *__restrict, ...)
      |     ^~~~~~~
../Core/Src/main.c: In function 'encoder_task':
../Core/Src/main.c:874:21: warning: unused variable 'hello2' [-Wunused-variable]
  874 |   uint8_t hello[20],hello2[20];
      |                     ^~~~~~
../Core/Src/main.c:874:11: warning: unused variable 'hello' [-Wunused-variable]
  874 |   uint8_t hello[20],hello2[20];
      |           ^~~~~
../Core/Src/main.c:868:37: warning: variable 'diff2' set but not used [-Wunused-but-set-variable]
  868 |   int cnt1, cnt2, diff, cnt3, cnt4, diff2;
      |                                     ^~~~~
../Core/Src/main.c:868:19: warning: variable 'diff' set but not used [-Wunused-but-set-variable]
  868 |   int cnt1, cnt2, diff, cnt3, cnt4, diff2;
      |                   ^~~~
make: *** [Core/Src/subdir.mk:37: Core/Src/main.o] Error 1
"make -j12 all" terminated with exit code 2. Build might be incomplete.
10:02:40 **** Incremental Build of configuration Release for project MDP_STM ****
make -j12 all 
arm-none-eabi-gcc "../Core/Src/main.c" -mcpu=cortex-m4 -std=gnu11 -DUSE_HAL_DRIVER -DSTM32F407xx -c -I../Core/Inc -I../Drivers/STM32F4xx_HAL_Driver/Inc -I../Drivers/STM32F4xx_HAL_Driver/Inc/Legacy -I../Drivers/CMSIS/Device/ST/STM32F4xx/Include -I../Drivers/CMSIS/Include -I"C:/Users/ongme/Documents/GitHub/CZ3004_MDP_AY22-23_S1_G13/STM32F407vet6/MDP_STM/PeripheralDriver/Inc" -I../Middlewares/Third_Party/FreeRTOS/Source/include -I../Middlewares/Third_Party/FreeRTOS/Source/CMSIS_RTOS_V2 -I../Middlewares/Third_Party/FreeRTOS/Source/portable/GCC/ARM_CM4F -Os -ffunction-sections -fdata-sections -Wall -fstack-usage -MMD -MP -MF"Core/Src/main.d" -MT"Core/Src/main.o" --specs=nano.specs -mfpu=fpv4-sp-d16 -mfloat-abi=hard -mthumb -o "Core/Src/main.o"
../Core/Src/main.c: In function 'move':
../Core/Src/main.c:717:12: warning: pointer targets in passing argument 1 of 'sprintf' differ in signedness [-Wpointer-sign]
  717 |    sprintf(hello,"SpeedL:%5d\0",diff_left);
      |            ^~~~~
      |            |
      |            uint8_t * {aka unsigned char *}
In file included from ../Core/Src/main.c:26:
c:\st\stm32cubeide_1.10.1\stm32cubeide\plugins\com.st.stm32cube.ide.mcu.externaltools.gnu-tools-for-stm32.10.3-2021.10.win32_1.0.0.202111181127\tools\arm-none-eabi\include\stdio.h:244:14: note: expected 'char * restrict' but argument is of type 'uint8_t *' {aka 'unsigned char *'}
  244 | int sprintf (char *__restrict, const char *__restrict, ...)
      |              ^
../Core/Src/main.c:717:29: warning: embedded '\0' in format [-Wformat-contains-nul]
  717 |    sprintf(hello,"SpeedL:%5d\0",diff_left);
      |                             ^~
../Core/Src/main.c:719:12: warning: pointer targets in passing argument 1 of 'sprintf' differ in signedness [-Wpointer-sign]
  719 |    sprintf(hello1,"SpeedR:%5d\0",diff_right);
      |            ^~~~~~
      |            |
      |            uint8_t * {aka unsigned char *}
In file included from ../Core/Src/main.c:26:
c:\st\stm32cubeide_1.10.1\stm32cubeide\plugins\com.st.stm32cube.ide.mcu.externaltools.gnu-tools-for-stm32.10.3-2021.10.win32_1.0.0.202111181127\tools\arm-none-eabi\include\stdio.h:244:14: note: expected 'char * restrict' but argument is of type 'uint8_t *' {aka 'unsigned char *'}
  244 | int sprintf (char *__restrict, const char *__restrict, ...)
      |              ^
../Core/Src/main.c:719:30: warning: embedded '\0' in format [-Wformat-contains-nul]
  719 |    sprintf(hello1,"SpeedR:%5d\0",diff_right);
      |                              ^~
../Core/Src/main.c:637:35: warning: unused variable 'curr_time' [-Wunused-variable]
  637 |  uint32_t start_time , prev_time, curr_time;
      |                                   ^~~~~~~~~
../Core/Src/main.c:637:24: warning: variable 'prev_time' set but not used [-Wunused-but-set-variable]
  637 |  uint32_t start_time , prev_time, curr_time;
      |                        ^~~~~~~~~
../Core/Src/main.c: In function 'HAL_UART_RxCpltCallback':
../Core/Src/main.c:747:22: error: 'c' undeclared (first use in this function)
  747 |  sprintf(*aRxBuffer, c);
      |                      ^
../Core/Src/main.c:747:22: note: each undeclared identifier is reported only once for each function it appears in
../Core/Src/main.c:747:10: warning: passing argument 1 of 'sprintf' makes pointer from integer without a cast [-Wint-conversion]
  747 |  sprintf(*aRxBuffer, c);
      |          ^~~~~~~~~~
      |          |
      |          uint8_t {aka unsigned char}
In file included from ../Core/Src/main.c:26:
c:\st\stm32cubeide_1.10.1\stm32cubeide\plugins\com.st.stm32cube.ide.mcu.externaltools.gnu-tools-for-stm32.10.3-2021.10.win32_1.0.0.202111181127\tools\arm-none-eabi\include\stdio.h:244:14: note: expected 'char * restrict' but argument is of type 'uint8_t' {aka 'unsigned char'}
  244 | int sprintf (char *__restrict, const char *__restrict, ...)
      |              ^
../Core/Src/main.c: In function 'encoder_task':
../Core/Src/main.c:874:21: warning: unused variable 'hello2' [-Wunused-variable]
  874 |   uint8_t hello[20],hello2[20];
      |                     ^~~~~~
../Core/Src/main.c:874:11: warning: unused variable 'hello' [-Wunused-variable]
  874 |   uint8_t hello[20],hello2[20];
      |           ^~~~~
../Core/Src/main.c:868:37: warning: variable 'diff2' set but not used [-Wunused-but-set-variable]
  868 |   int cnt1, cnt2, diff, cnt3, cnt4, diff2;
      |                                     ^~~~~
../Core/Src/main.c:868:19: warning: variable 'diff' set but not used [-Wunused-but-set-variable]
  868 |   int cnt1, cnt2, diff, cnt3, cnt4, diff2;
      |                   ^~~~
make: *** [Core/Src/subdir.mk:37: Core/Src/main.o] Error 1
"make -j12 all" terminated with exit code 2. Build might be incomplete.
10:03:43 **** Incremental Build of configuration Release for project MDP_STM ****
make -j12 all 
arm-none-eabi-gcc "../Core/Src/main.c" -mcpu=cortex-m4 -std=gnu11 -DUSE_HAL_DRIVER -DSTM32F407xx -c -I../Core/Inc -I../Drivers/STM32F4xx_HAL_Driver/Inc -I../Drivers/STM32F4xx_HAL_Driver/Inc/Legacy -I../Drivers/CMSIS/Device/ST/STM32F4xx/Include -I../Drivers/CMSIS/Include -I"C:/Users/ongme/Documents/GitHub/CZ3004_MDP_AY22-23_S1_G13/STM32F407vet6/MDP_STM/PeripheralDriver/Inc" -I../Middlewares/Third_Party/FreeRTOS/Source/include -I../Middlewares/Third_Party/FreeRTOS/Source/CMSIS_RTOS_V2 -I../Middlewares/Third_Party/FreeRTOS/Source/portable/GCC/ARM_CM4F -Os -ffunction-sections -fdata-sections -Wall -fstack-usage -MMD -MP -MF"Core/Src/main.d" -MT"Core/Src/main.o" --specs=nano.specs -mfpu=fpv4-sp-d16 -mfloat-abi=hard -mthumb -o "Core/Src/main.o"
../Core/Src/main.c: In function 'move':
../Core/Src/main.c:717:12: warning: pointer targets in passing argument 1 of 'sprintf' differ in signedness [-Wpointer-sign]
  717 |    sprintf(hello,"SpeedL:%5d\0",diff_left);
      |            ^~~~~
      |            |
      |            uint8_t * {aka unsigned char *}
In file included from ../Core/Src/main.c:26:
c:\st\stm32cubeide_1.10.1\stm32cubeide\plugins\com.st.stm32cube.ide.mcu.externaltools.gnu-tools-for-stm32.10.3-2021.10.win32_1.0.0.202111181127\tools\arm-none-eabi\include\stdio.h:244:14: note: expected 'char * restrict' but argument is of type 'uint8_t *' {aka 'unsigned char *'}
  244 | int sprintf (char *__restrict, const char *__restrict, ...)
      |              ^
../Core/Src/main.c:717:29: warning: embedded '\0' in format [-Wformat-contains-nul]
  717 |    sprintf(hello,"SpeedL:%5d\0",diff_left);
      |                             ^~
../Core/Src/main.c:719:12: warning: pointer targets in passing argument 1 of 'sprintf' differ in signedness [-Wpointer-sign]
  719 |    sprintf(hello1,"SpeedR:%5d\0",diff_right);
      |            ^~~~~~
      |            |
      |            uint8_t * {aka unsigned char *}
In file included from ../Core/Src/main.c:26:
c:\st\stm32cubeide_1.10.1\stm32cubeide\plugins\com.st.stm32cube.ide.mcu.externaltools.gnu-tools-for-stm32.10.3-2021.10.win32_1.0.0.202111181127\tools\arm-none-eabi\include\stdio.h:244:14: note: expected 'char * restrict' but argument is of type 'uint8_t *' {aka 'unsigned char *'}
  244 | int sprintf (char *__restrict, const char *__restrict, ...)
      |              ^
../Core/Src/main.c:719:30: warning: embedded '\0' in format [-Wformat-contains-nul]
  719 |    sprintf(hello1,"SpeedR:%5d\0",diff_right);
      |                              ^~
../Core/Src/main.c:637:35: warning: unused variable 'curr_time' [-Wunused-variable]
  637 |  uint32_t start_time , prev_time, curr_time;
      |                                   ^~~~~~~~~
../Core/Src/main.c:637:24: warning: variable 'prev_time' set but not used [-Wunused-but-set-variable]
  637 |  uint32_t start_time , prev_time, curr_time;
      |                        ^~~~~~~~~
../Core/Src/main.c: In function 'HAL_UART_RxCpltCallback':
../Core/Src/main.c:747:10: warning: passing argument 1 of 'sprintf' makes pointer from integer without a cast [-Wint-conversion]
  747 |  sprintf(*aRxBuffer, "Printing %c");
      |          ^~~~~~~~~~
      |          |
      |          uint8_t {aka unsigned char}
In file included from ../Core/Src/main.c:26:
c:\st\stm32cubeide_1.10.1\stm32cubeide\plugins\com.st.stm32cube.ide.mcu.externaltools.gnu-tools-for-stm32.10.3-2021.10.win32_1.0.0.202111181127\tools\arm-none-eabi\include\stdio.h:244:14: note: expected 'char * restrict' but argument is of type 'uint8_t' {aka 'unsigned char'}
  244 | int sprintf (char *__restrict, const char *__restrict, ...)
      |              ^
../Core/Src/main.c:747:33: warning: format '%c' expects a matching 'int' argument [-Wformat=]
  747 |  sprintf(*aRxBuffer, "Printing %c");
      |                                ~^
      |                                 |
      |                                 int
../Core/Src/main.c: In function 'encoder_task':
../Core/Src/main.c:874:21: warning: unused variable 'hello2' [-Wunused-variable]
  874 |   uint8_t hello[20],hello2[20];
      |                     ^~~~~~
../Core/Src/main.c:874:11: warning: unused variable 'hello' [-Wunused-variable]
  874 |   uint8_t hello[20],hello2[20];
      |           ^~~~~
../Core/Src/main.c:868:37: warning: variable 'diff2' set but not used [-Wunused-but-set-variable]
  868 |   int cnt1, cnt2, diff, cnt3, cnt4, diff2;
      |                                     ^~~~~
../Core/Src/main.c:868:19: warning: variable 'diff' set but not used [-Wunused-but-set-variable]
  868 |   int cnt1, cnt2, diff, cnt3, cnt4, diff2;
      |                   ^~~~
arm-none-eabi-gcc -o "MDP_STM.elf" @"objects.list"   -mcpu=cortex-m4 -T"C:\Users\ongme\Documents\GitHub\CZ3004_MDP_AY22-23_S1_G13\STM32F407vet6\MDP_STM\STM32F407VETX_FLASH.ld" --specs=nosys.specs -Wl,-Map="MDP_STM.map" -Wl,--gc-sections -static --specs=nano.specs -mfpu=fpv4-sp-d16 -mfloat-abi=hard -mthumb -Wl,--start-group -lc -lm -Wl,--end-group
Finished building target: MDP_STM.elf
 
arm-none-eabi-size   MDP_STM.elf 
arm-none-eabi-objdump -h -S  MDP_STM.elf  > "MDP_STM.list"
arm-none-eabi-objcopy  -O ihex  MDP_STM.elf  "MDP_STM.hex"
arm-none-eabi-objcopy  -O binary  MDP_STM.elf  "MDP_STM.bin"
   text	   data	    bss	    dec	    hex	filename
  23248	    124	  21772	  45144	   b058	MDP_STM.elf
Finished building: default.size.stdout
 
Finished building: MDP_STM.hex
 
Finished building: MDP_STM.bin
 
Finished building: MDP_STM.list
 
10:04:09 **** Incremental Build of configuration Release for project MDP_STM ****
make -j12 all 
arm-none-eabi-gcc "../Core/Src/main.c" -mcpu=cortex-m4 -std=gnu11 -DUSE_HAL_DRIVER -DSTM32F407xx -c -I../Core/Inc -I../Drivers/STM32F4xx_HAL_Driver/Inc -I../Drivers/STM32F4xx_HAL_Driver/Inc/Legacy -I../Drivers/CMSIS/Device/ST/STM32F4xx/Include -I../Drivers/CMSIS/Include -I"C:/Users/ongme/Documents/GitHub/CZ3004_MDP_AY22-23_S1_G13/STM32F407vet6/MDP_STM/PeripheralDriver/Inc" -I../Middlewares/Third_Party/FreeRTOS/Source/include -I../Middlewares/Third_Party/FreeRTOS/Source/CMSIS_RTOS_V2 -I../Middlewares/Third_Party/FreeRTOS/Source/portable/GCC/ARM_CM4F -Os -ffunction-sections -fdata-sections -Wall -fstack-usage -MMD -MP -MF"Core/Src/main.d" -MT"Core/Src/main.o" --specs=nano.specs -mfpu=fpv4-sp-d16 -mfloat-abi=hard -mthumb -o "Core/Src/main.o"
../Core/Src/main.c: In function 'move':
../Core/Src/main.c:717:12: warning: pointer targets in passing argument 1 of 'sprintf' differ in signedness [-Wpointer-sign]
  717 |    sprintf(hello,"SpeedL:%5d\0",diff_left);
      |            ^~~~~
      |            |
      |            uint8_t * {aka unsigned char *}
In file included from ../Core/Src/main.c:26:
c:\st\stm32cubeide_1.10.1\stm32cubeide\plugins\com.st.stm32cube.ide.mcu.externaltools.gnu-tools-for-stm32.10.3-2021.10.win32_1.0.0.202111181127\tools\arm-none-eabi\include\stdio.h:244:14: note: expected 'char * restrict' but argument is of type 'uint8_t *' {aka 'unsigned char *'}
  244 | int sprintf (char *__restrict, const char *__restrict, ...)
      |              ^
../Core/Src/main.c:717:29: warning: embedded '\0' in format [-Wformat-contains-nul]
  717 |    sprintf(hello,"SpeedL:%5d\0",diff_left);
      |                             ^~
../Core/Src/main.c:719:12: warning: pointer targets in passing argument 1 of 'sprintf' differ in signedness [-Wpointer-sign]
  719 |    sprintf(hello1,"SpeedR:%5d\0",diff_right);
      |            ^~~~~~
      |            |
      |            uint8_t * {aka unsigned char *}
In file included from ../Core/Src/main.c:26:
c:\st\stm32cubeide_1.10.1\stm32cubeide\plugins\com.st.stm32cube.ide.mcu.externaltools.gnu-tools-for-stm32.10.3-2021.10.win32_1.0.0.202111181127\tools\arm-none-eabi\include\stdio.h:244:14: note: expected 'char * restrict' but argument is of type 'uint8_t *' {aka 'unsigned char *'}
  244 | int sprintf (char *__restrict, const char *__restrict, ...)
      |              ^
../Core/Src/main.c:719:30: warning: embedded '\0' in format [-Wformat-contains-nul]
  719 |    sprintf(hello1,"SpeedR:%5d\0",diff_right);
      |                              ^~
../Core/Src/main.c:637:35: warning: unused variable 'curr_time' [-Wunused-variable]
  637 |  uint32_t start_time , prev_time, curr_time;
      |                                   ^~~~~~~~~
../Core/Src/main.c:637:24: warning: variable 'prev_time' set but not used [-Wunused-but-set-variable]
  637 |  uint32_t start_time , prev_time, curr_time;
      |                        ^~~~~~~~~
../Core/Src/main.c: In function 'HAL_UART_RxCpltCallback':
../Core/Src/main.c:747:10: warning: passing argument 1 of 'sprintf' makes pointer from integer without a cast [-Wint-conversion]
  747 |  sprintf((char)*aRxBuffer, "Printing %c");
      |          ^~~~~~~~~~~~~~~~
      |          |
      |          char
In file included from ../Core/Src/main.c:26:
c:\st\stm32cubeide_1.10.1\stm32cubeide\plugins\com.st.stm32cube.ide.mcu.externaltools.gnu-tools-for-stm32.10.3-2021.10.win32_1.0.0.202111181127\tools\arm-none-eabi\include\stdio.h:244:14: note: expected 'char * restrict' but argument is of type 'char'
  244 | int sprintf (char *__restrict, const char *__restrict, ...)
      |              ^
../Core/Src/main.c:747:39: warning: format '%c' expects a matching 'int' argument [-Wformat=]
  747 |  sprintf((char)*aRxBuffer, "Printing %c");
      |                                      ~^
      |                                       |
      |                                       int
../Core/Src/main.c: In function 'encoder_task':
../Core/Src/main.c:874:21: warning: unused variable 'hello2' [-Wunused-variable]
  874 |   uint8_t hello[20],hello2[20];
      |                     ^~~~~~
../Core/Src/main.c:874:11: warning: unused variable 'hello' [-Wunused-variable]
  874 |   uint8_t hello[20],hello2[20];
      |           ^~~~~
../Core/Src/main.c:868:37: warning: variable 'diff2' set but not used [-Wunused-but-set-variable]
  868 |   int cnt1, cnt2, diff, cnt3, cnt4, diff2;
      |                                     ^~~~~
../Core/Src/main.c:868:19: warning: variable 'diff' set but not used [-Wunused-but-set-variable]
  868 |   int cnt1, cnt2, diff, cnt3, cnt4, diff2;
      |                   ^~~~
arm-none-eabi-gcc -o "MDP_STM.elf" @"objects.list"   -mcpu=cortex-m4 -T"C:\Users\ongme\Documents\GitHub\CZ3004_MDP_AY22-23_S1_G13\STM32F407vet6\MDP_STM\STM32F407VETX_FLASH.ld" --specs=nosys.specs -Wl,-Map="MDP_STM.map" -Wl,--gc-sections -static --specs=nano.specs -mfpu=fpv4-sp-d16 -mfloat-abi=hard -mthumb -Wl,--start-group -lc -lm -Wl,--end-group
Finished building target: MDP_STM.elf
 
arm-none-eabi-size   MDP_STM.elf 
arm-none-eabi-objdump -h -S  MDP_STM.elf  > "MDP_STM.list"
arm-none-eabi-objcopy  -O ihex  MDP_STM.elf  "MDP_STM.hex"
arm-none-eabi-objcopy  -O binary  MDP_STM.elf  "MDP_STM.bin"
   text	   data	    bss	    dec	    hex	filename
  23248	    124	  21772	  45144	   b058	MDP_STM.elf
Finished building: default.size.stdout
Finished building: MDP_STM.hex
 
 
Finished building: MDP_STM.bin
Finished building: MDP_STM.list
 
 
10:09:36 **** Incremental Build of configuration Release for project MDP_STM ****
make -j12 all 
arm-none-eabi-gcc "../Core/Src/main.c" -mcpu=cortex-m4 -std=gnu11 -DUSE_HAL_DRIVER -DSTM32F407xx -c -I../Core/Inc -I../Drivers/STM32F4xx_HAL_Driver/Inc -I../Drivers/STM32F4xx_HAL_Driver/Inc/Legacy -I../Drivers/CMSIS/Device/ST/STM32F4xx/Include -I../Drivers/CMSIS/Include -I"C:/Users/ongme/Documents/GitHub/CZ3004_MDP_AY22-23_S1_G13/STM32F407vet6/MDP_STM/PeripheralDriver/Inc" -I../Middlewares/Third_Party/FreeRTOS/Source/include -I../Middlewares/Third_Party/FreeRTOS/Source/CMSIS_RTOS_V2 -I../Middlewares/Third_Party/FreeRTOS/Source/portable/GCC/ARM_CM4F -Os -ffunction-sections -fdata-sections -Wall -fstack-usage -MMD -MP -MF"Core/Src/main.d" -MT"Core/Src/main.o" --specs=nano.specs -mfpu=fpv4-sp-d16 -mfloat-abi=hard -mthumb -o "Core/Src/main.o"
../Core/Src/main.c: In function 'move':
../Core/Src/main.c:717:12: warning: pointer targets in passing argument 1 of 'sprintf' differ in signedness [-Wpointer-sign]
  717 |    sprintf(hello,"SpeedL:%5d\0",diff_left);
      |            ^~~~~
      |            |
      |            uint8_t * {aka unsigned char *}
In file included from ../Core/Src/main.c:26:
c:\st\stm32cubeide_1.10.1\stm32cubeide\plugins\com.st.stm32cube.ide.mcu.externaltools.gnu-tools-for-stm32.10.3-2021.10.win32_1.0.0.202111181127\tools\arm-none-eabi\include\stdio.h:244:14: note: expected 'char * restrict' but argument is of type 'uint8_t *' {aka 'unsigned char *'}
  244 | int sprintf (char *__restrict, const char *__restrict, ...)
      |              ^
../Core/Src/main.c:717:29: warning: embedded '\0' in format [-Wformat-contains-nul]
  717 |    sprintf(hello,"SpeedL:%5d\0",diff_left);
      |                             ^~
../Core/Src/main.c:719:12: warning: pointer targets in passing argument 1 of 'sprintf' differ in signedness [-Wpointer-sign]
  719 |    sprintf(hello1,"SpeedR:%5d\0",diff_right);
      |            ^~~~~~
      |            |
      |            uint8_t * {aka unsigned char *}
In file included from ../Core/Src/main.c:26:
c:\st\stm32cubeide_1.10.1\stm32cubeide\plugins\com.st.stm32cube.ide.mcu.externaltools.gnu-tools-for-stm32.10.3-2021.10.win32_1.0.0.202111181127\tools\arm-none-eabi\include\stdio.h:244:14: note: expected 'char * restrict' but argument is of type 'uint8_t *' {aka 'unsigned char *'}
  244 | int sprintf (char *__restrict, const char *__restrict, ...)
      |              ^
../Core/Src/main.c:719:30: warning: embedded '\0' in format [-Wformat-contains-nul]
  719 |    sprintf(hello1,"SpeedR:%5d\0",diff_right);
      |                              ^~
../Core/Src/main.c:637:35: warning: unused variable 'curr_time' [-Wunused-variable]
  637 |  uint32_t start_time , prev_time, curr_time;
      |                                   ^~~~~~~~~
../Core/Src/main.c:637:24: warning: variable 'prev_time' set but not used [-Wunused-but-set-variable]
  637 |  uint32_t start_time , prev_time, curr_time;
      |                        ^~~~~~~~~
../Core/Src/main.c: In function 'HAL_UART_RxCpltCallback':
../Core/Src/main.c:747:2: error: 'cmd' undeclared (first use in this function)
  747 |  cmd = aRxBuffer[0];
      |  ^~~
../Core/Src/main.c:747:2: note: each undeclared identifier is reported only once for each function it appears in
../Core/Src/main.c: In function 'encoder_task':
../Core/Src/main.c:874:21: warning: unused variable 'hello2' [-Wunused-variable]
  874 |   uint8_t hello[20],hello2[20];
      |                     ^~~~~~
../Core/Src/main.c:874:11: warning: unused variable 'hello' [-Wunused-variable]
  874 |   uint8_t hello[20],hello2[20];
      |           ^~~~~
../Core/Src/main.c:868:37: warning: variable 'diff2' set but not used [-Wunused-but-set-variable]
  868 |   int cnt1, cnt2, diff, cnt3, cnt4, diff2;
      |                                     ^~~~~
../Core/Src/main.c:868:19: warning: variable 'diff' set but not used [-Wunused-but-set-variable]
  868 |   int cnt1, cnt2, diff, cnt3, cnt4, diff2;
      |                   ^~~~
make: *** [Core/Src/subdir.mk:37: Core/Src/main.o] Error 1
"make -j12 all" terminated with exit code 2. Build might be incomplete.
10:10:12 **** Incremental Build of configuration Release for project MDP_STM ****
make -j12 all 
arm-none-eabi-gcc "../Core/Src/main.c" -mcpu=cortex-m4 -std=gnu11 -DUSE_HAL_DRIVER -DSTM32F407xx -c -I../Core/Inc -I../Drivers/STM32F4xx_HAL_Driver/Inc -I../Drivers/STM32F4xx_HAL_Driver/Inc/Legacy -I../Drivers/CMSIS/Device/ST/STM32F4xx/Include -I../Drivers/CMSIS/Include -I"C:/Users/ongme/Documents/GitHub/CZ3004_MDP_AY22-23_S1_G13/STM32F407vet6/MDP_STM/PeripheralDriver/Inc" -I../Middlewares/Third_Party/FreeRTOS/Source/include -I../Middlewares/Third_Party/FreeRTOS/Source/CMSIS_RTOS_V2 -I../Middlewares/Third_Party/FreeRTOS/Source/portable/GCC/ARM_CM4F -Os -ffunction-sections -fdata-sections -Wall -fstack-usage -MMD -MP -MF"Core/Src/main.d" -MT"Core/Src/main.o" --specs=nano.specs -mfpu=fpv4-sp-d16 -mfloat-abi=hard -mthumb -o "Core/Src/main.o"
../Core/Src/main.c: In function 'move':
../Core/Src/main.c:717:12: warning: pointer targets in passing argument 1 of 'sprintf' differ in signedness [-Wpointer-sign]
  717 |    sprintf(hello,"SpeedL:%5d\0",diff_left);
      |            ^~~~~
      |            |
      |            uint8_t * {aka unsigned char *}
In file included from ../Core/Src/main.c:26:
c:\st\stm32cubeide_1.10.1\stm32cubeide\plugins\com.st.stm32cube.ide.mcu.externaltools.gnu-tools-for-stm32.10.3-2021.10.win32_1.0.0.202111181127\tools\arm-none-eabi\include\stdio.h:244:14: note: expected 'char * restrict' but argument is of type 'uint8_t *' {aka 'unsigned char *'}
  244 | int sprintf (char *__restrict, const char *__restrict, ...)
      |              ^
../Core/Src/main.c:717:29: warning: embedded '\0' in format [-Wformat-contains-nul]
  717 |    sprintf(hello,"SpeedL:%5d\0",diff_left);
      |                             ^~
../Core/Src/main.c:719:12: warning: pointer targets in passing argument 1 of 'sprintf' differ in signedness [-Wpointer-sign]
  719 |    sprintf(hello1,"SpeedR:%5d\0",diff_right);
      |            ^~~~~~
      |            |
      |            uint8_t * {aka unsigned char *}
In file included from ../Core/Src/main.c:26:
c:\st\stm32cubeide_1.10.1\stm32cubeide\plugins\com.st.stm32cube.ide.mcu.externaltools.gnu-tools-for-stm32.10.3-2021.10.win32_1.0.0.202111181127\tools\arm-none-eabi\include\stdio.h:244:14: note: expected 'char * restrict' but argument is of type 'uint8_t *' {aka 'unsigned char *'}
  244 | int sprintf (char *__restrict, const char *__restrict, ...)
      |              ^
../Core/Src/main.c:719:30: warning: embedded '\0' in format [-Wformat-contains-nul]
  719 |    sprintf(hello1,"SpeedR:%5d\0",diff_right);
      |                              ^~
../Core/Src/main.c:637:35: warning: unused variable 'curr_time' [-Wunused-variable]
  637 |  uint32_t start_time , prev_time, curr_time;
      |                                   ^~~~~~~~~
../Core/Src/main.c:637:24: warning: variable 'prev_time' set but not used [-Wunused-but-set-variable]
  637 |  uint32_t start_time , prev_time, curr_time;
      |                        ^~~~~~~~~
../Core/Src/main.c: In function 'encoder_task':
../Core/Src/main.c:874:21: warning: unused variable 'hello2' [-Wunused-variable]
  874 |   uint8_t hello[20],hello2[20];
      |                     ^~~~~~
../Core/Src/main.c:874:11: warning: unused variable 'hello' [-Wunused-variable]
  874 |   uint8_t hello[20],hello2[20];
      |           ^~~~~
../Core/Src/main.c:868:37: warning: variable 'diff2' set but not used [-Wunused-but-set-variable]
  868 |   int cnt1, cnt2, diff, cnt3, cnt4, diff2;
      |                                     ^~~~~
../Core/Src/main.c:868:19: warning: variable 'diff' set but not used [-Wunused-but-set-variable]
  868 |   int cnt1, cnt2, diff, cnt3, cnt4, diff2;
      |                   ^~~~
arm-none-eabi-gcc -o "MDP_STM.elf" @"objects.list"   -mcpu=cortex-m4 -T"C:\Users\ongme\Documents\GitHub\CZ3004_MDP_AY22-23_S1_G13\STM32F407vet6\MDP_STM\STM32F407VETX_FLASH.ld" --specs=nosys.specs -Wl,-Map="MDP_STM.map" -Wl,--gc-sections -static --specs=nano.specs -mfpu=fpv4-sp-d16 -mfloat-abi=hard -mthumb -Wl,--start-group -lc -lm -Wl,--end-group
Finished building target: MDP_STM.elf
 
arm-none-eabi-size   MDP_STM.elf 
arm-none-eabi-objdump -h -S  MDP_STM.elf  > "MDP_STM.list"
arm-none-eabi-objcopy  -O ihex  MDP_STM.elf  "MDP_STM.hex"
arm-none-eabi-objcopy  -O binary  MDP_STM.elf  "MDP_STM.bin"
   text	   data	    bss	    dec	    hex	filename
  23188	    124	  21772	  45084	   b01c	MDP_STM.elf
Finished building: default.size.stdout
Finished building: MDP_STM.list
 
 
Finished building: MDP_STM.bin
Finished building: MDP_STM.hex
 
 
10:17:09 **** Incremental Build of configuration Release for project MDP_STM ****
make -j12 all 
arm-none-eabi-gcc "../Core/Src/main.c" -mcpu=cortex-m4 -std=gnu11 -DUSE_HAL_DRIVER -DSTM32F407xx -c -I../Core/Inc -I../Drivers/STM32F4xx_HAL_Driver/Inc -I../Drivers/STM32F4xx_HAL_Driver/Inc/Legacy -I../Drivers/CMSIS/Device/ST/STM32F4xx/Include -I../Drivers/CMSIS/Include -I"C:/Users/ongme/Documents/GitHub/CZ3004_MDP_AY22-23_S1_G13/STM32F407vet6/MDP_STM/PeripheralDriver/Inc" -I../Middlewares/Third_Party/FreeRTOS/Source/include -I../Middlewares/Third_Party/FreeRTOS/Source/CMSIS_RTOS_V2 -I../Middlewares/Third_Party/FreeRTOS/Source/portable/GCC/ARM_CM4F -Os -ffunction-sections -fdata-sections -Wall -fstack-usage -MMD -MP -MF"Core/Src/main.d" -MT"Core/Src/main.o" --specs=nano.specs -mfpu=fpv4-sp-d16 -mfloat-abi=hard -mthumb -o "Core/Src/main.o"
../Core/Src/main.c: In function 'move':
../Core/Src/main.c:717:12: warning: pointer targets in passing argument 1 of 'sprintf' differ in signedness [-Wpointer-sign]
  717 |    sprintf(hello,"SpeedL:%5d\0",diff_left);
      |            ^~~~~
      |            |
      |            uint8_t * {aka unsigned char *}
In file included from ../Core/Src/main.c:26:
c:\st\stm32cubeide_1.10.1\stm32cubeide\plugins\com.st.stm32cube.ide.mcu.externaltools.gnu-tools-for-stm32.10.3-2021.10.win32_1.0.0.202111181127\tools\arm-none-eabi\include\stdio.h:244:14: note: expected 'char * restrict' but argument is of type 'uint8_t *' {aka 'unsigned char *'}
  244 | int sprintf (char *__restrict, const char *__restrict, ...)
      |              ^
../Core/Src/main.c:717:29: warning: embedded '\0' in format [-Wformat-contains-nul]
  717 |    sprintf(hello,"SpeedL:%5d\0",diff_left);
      |                             ^~
../Core/Src/main.c:719:12: warning: pointer targets in passing argument 1 of 'sprintf' differ in signedness [-Wpointer-sign]
  719 |    sprintf(hello1,"SpeedR:%5d\0",diff_right);
      |            ^~~~~~
      |            |
      |            uint8_t * {aka unsigned char *}
In file included from ../Core/Src/main.c:26:
c:\st\stm32cubeide_1.10.1\stm32cubeide\plugins\com.st.stm32cube.ide.mcu.externaltools.gnu-tools-for-stm32.10.3-2021.10.win32_1.0.0.202111181127\tools\arm-none-eabi\include\stdio.h:244:14: note: expected 'char * restrict' but argument is of type 'uint8_t *' {aka 'unsigned char *'}
  244 | int sprintf (char *__restrict, const char *__restrict, ...)
      |              ^
../Core/Src/main.c:719:30: warning: embedded '\0' in format [-Wformat-contains-nul]
  719 |    sprintf(hello1,"SpeedR:%5d\0",diff_right);
      |                              ^~
../Core/Src/main.c:637:35: warning: unused variable 'curr_time' [-Wunused-variable]
  637 |  uint32_t start_time , prev_time, curr_time;
      |                                   ^~~~~~~~~
../Core/Src/main.c:637:24: warning: variable 'prev_time' set but not used [-Wunused-but-set-variable]
  637 |  uint32_t start_time , prev_time, curr_time;
      |                        ^~~~~~~~~
../Core/Src/main.c: In function 'HAL_UART_RxCpltCallback':
../Core/Src/main.c:747:16: warning: initialization of 'uint8_t' {aka 'unsigned char'} from 'char *' makes integer from pointer without a cast [-Wint-conversion]
  747 |  uint8_t cmd = (char*)aRxBuffer;
      |                ^
../Core/Src/main.c: In function 'encoder_task':
../Core/Src/main.c:875:21: warning: unused variable 'hello2' [-Wunused-variable]
  875 |   uint8_t hello[20],hello2[20];
      |                     ^~~~~~
../Core/Src/main.c:875:11: warning: unused variable 'hello' [-Wunused-variable]
  875 |   uint8_t hello[20],hello2[20];
      |           ^~~~~
../Core/Src/main.c:869:37: warning: variable 'diff2' set but not used [-Wunused-but-set-variable]
  869 |   int cnt1, cnt2, diff, cnt3, cnt4, diff2;
      |                                     ^~~~~
../Core/Src/main.c:869:19: warning: variable 'diff' set but not used [-Wunused-but-set-variable]
  869 |   int cnt1, cnt2, diff, cnt3, cnt4, diff2;
      |                   ^~~~
arm-none-eabi-gcc -o "MDP_STM.elf" @"objects.list"   -mcpu=cortex-m4 -T"C:\Users\ongme\Documents\GitHub\CZ3004_MDP_AY22-23_S1_G13\STM32F407vet6\MDP_STM\STM32F407VETX_FLASH.ld" --specs=nosys.specs -Wl,-Map="MDP_STM.map" -Wl,--gc-sections -static --specs=nano.specs -mfpu=fpv4-sp-d16 -mfloat-abi=hard -mthumb -Wl,--start-group -lc -lm -Wl,--end-group
Finished building target: MDP_STM.elf
 
arm-none-eabi-size   MDP_STM.elf 
arm-none-eabi-objdump -h -S  MDP_STM.elf  > "MDP_STM.list"
arm-none-eabi-objcopy  -O ihex  MDP_STM.elf  "MDP_STM.hex"
arm-none-eabi-objcopy  -O binary  MDP_STM.elf  "MDP_STM.bin"
   text	   data	    bss	    dec	    hex	filename
  23188	    124	  21772	  45084	   b01c	MDP_STM.elf
Finished building: MDP_STM.hex
Finished building: default.size.stdout
 
 
Finished building: MDP_STM.bin
 
Finished building: MDP_STM.list
 
10:17:24 **** Incremental Build of configuration Release for project MDP_STM ****
make -j12 all 
arm-none-eabi-gcc "../Core/Src/main.c" -mcpu=cortex-m4 -std=gnu11 -DUSE_HAL_DRIVER -DSTM32F407xx -c -I../Core/Inc -I../Drivers/STM32F4xx_HAL_Driver/Inc -I../Drivers/STM32F4xx_HAL_Driver/Inc/Legacy -I../Drivers/CMSIS/Device/ST/STM32F4xx/Include -I../Drivers/CMSIS/Include -I"C:/Users/ongme/Documents/GitHub/CZ3004_MDP_AY22-23_S1_G13/STM32F407vet6/MDP_STM/PeripheralDriver/Inc" -I../Middlewares/Third_Party/FreeRTOS/Source/include -I../Middlewares/Third_Party/FreeRTOS/Source/CMSIS_RTOS_V2 -I../Middlewares/Third_Party/FreeRTOS/Source/portable/GCC/ARM_CM4F -Os -ffunction-sections -fdata-sections -Wall -fstack-usage -MMD -MP -MF"Core/Src/main.d" -MT"Core/Src/main.o" --specs=nano.specs -mfpu=fpv4-sp-d16 -mfloat-abi=hard -mthumb -o "Core/Src/main.o"
../Core/Src/main.c: In function 'move':
../Core/Src/main.c:717:12: warning: pointer targets in passing argument 1 of 'sprintf' differ in signedness [-Wpointer-sign]
  717 |    sprintf(hello,"SpeedL:%5d\0",diff_left);
      |            ^~~~~
      |            |
      |            uint8_t * {aka unsigned char *}
In file included from ../Core/Src/main.c:26:
c:\st\stm32cubeide_1.10.1\stm32cubeide\plugins\com.st.stm32cube.ide.mcu.externaltools.gnu-tools-for-stm32.10.3-2021.10.win32_1.0.0.202111181127\tools\arm-none-eabi\include\stdio.h:244:14: note: expected 'char * restrict' but argument is of type 'uint8_t *' {aka 'unsigned char *'}
  244 | int sprintf (char *__restrict, const char *__restrict, ...)
      |              ^
../Core/Src/main.c:717:29: warning: embedded '\0' in format [-Wformat-contains-nul]
  717 |    sprintf(hello,"SpeedL:%5d\0",diff_left);
      |                             ^~
../Core/Src/main.c:719:12: warning: pointer targets in passing argument 1 of 'sprintf' differ in signedness [-Wpointer-sign]
  719 |    sprintf(hello1,"SpeedR:%5d\0",diff_right);
      |            ^~~~~~
      |            |
      |            uint8_t * {aka unsigned char *}
In file included from ../Core/Src/main.c:26:
c:\st\stm32cubeide_1.10.1\stm32cubeide\plugins\com.st.stm32cube.ide.mcu.externaltools.gnu-tools-for-stm32.10.3-2021.10.win32_1.0.0.202111181127\tools\arm-none-eabi\include\stdio.h:244:14: note: expected 'char * restrict' but argument is of type 'uint8_t *' {aka 'unsigned char *'}
  244 | int sprintf (char *__restrict, const char *__restrict, ...)
      |              ^
../Core/Src/main.c:719:30: warning: embedded '\0' in format [-Wformat-contains-nul]
  719 |    sprintf(hello1,"SpeedR:%5d\0",diff_right);
      |                              ^~
../Core/Src/main.c:637:35: warning: unused variable 'curr_time' [-Wunused-variable]
  637 |  uint32_t start_time , prev_time, curr_time;
      |                                   ^~~~~~~~~
../Core/Src/main.c:637:24: warning: variable 'prev_time' set but not used [-Wunused-but-set-variable]
  637 |  uint32_t start_time , prev_time, curr_time;
      |                        ^~~~~~~~~
../Core/Src/main.c: In function 'HAL_UART_RxCpltCallback':
../Core/Src/main.c:747:13: warning: initialization of 'char' from 'char *' makes integer from pointer without a cast [-Wint-conversion]
  747 |  char cmd = (char*)aRxBuffer;
      |             ^
../Core/Src/main.c: In function 'encoder_task':
../Core/Src/main.c:875:21: warning: unused variable 'hello2' [-Wunused-variable]
  875 |   uint8_t hello[20],hello2[20];
      |                     ^~~~~~
../Core/Src/main.c:875:11: warning: unused variable 'hello' [-Wunused-variable]
  875 |   uint8_t hello[20],hello2[20];
      |           ^~~~~
../Core/Src/main.c:869:37: warning: variable 'diff2' set but not used [-Wunused-but-set-variable]
  869 |   int cnt1, cnt2, diff, cnt3, cnt4, diff2;
      |                                     ^~~~~
../Core/Src/main.c:869:19: warning: variable 'diff' set but not used [-Wunused-but-set-variable]
  869 |   int cnt1, cnt2, diff, cnt3, cnt4, diff2;
      |                   ^~~~
arm-none-eabi-gcc -o "MDP_STM.elf" @"objects.list"   -mcpu=cortex-m4 -T"C:\Users\ongme\Documents\GitHub\CZ3004_MDP_AY22-23_S1_G13\STM32F407vet6\MDP_STM\STM32F407VETX_FLASH.ld" --specs=nosys.specs -Wl,-Map="MDP_STM.map" -Wl,--gc-sections -static --specs=nano.specs -mfpu=fpv4-sp-d16 -mfloat-abi=hard -mthumb -Wl,--start-group -lc -lm -Wl,--end-group
Finished building target: MDP_STM.elf
 
arm-none-eabi-size   MDP_STM.elf 
arm-none-eabi-objdump -h -S  MDP_STM.elf  > "MDP_STM.list"
arm-none-eabi-objcopy  -O ihex  MDP_STM.elf  "MDP_STM.hex"
arm-none-eabi-objcopy  -O binary  MDP_STM.elf  "MDP_STM.bin"
   text	   data	    bss	    dec	    hex	filename
  23188	    124	  21772	  45084	   b01c	MDP_STM.elf
Finished building: default.size.stdout
 
Finished building: MDP_STM.hex
Finished building: MDP_STM.bin
 
 
Finished building: MDP_STM.list
 
10:17:53 **** Incremental Build of configuration Release for project MDP_STM ****
make -j12 all 
arm-none-eabi-gcc "../Core/Src/main.c" -mcpu=cortex-m4 -std=gnu11 -DUSE_HAL_DRIVER -DSTM32F407xx -c -I../Core/Inc -I../Drivers/STM32F4xx_HAL_Driver/Inc -I../Drivers/STM32F4xx_HAL_Driver/Inc/Legacy -I../Drivers/CMSIS/Device/ST/STM32F4xx/Include -I../Drivers/CMSIS/Include -I"C:/Users/ongme/Documents/GitHub/CZ3004_MDP_AY22-23_S1_G13/STM32F407vet6/MDP_STM/PeripheralDriver/Inc" -I../Middlewares/Third_Party/FreeRTOS/Source/include -I../Middlewares/Third_Party/FreeRTOS/Source/CMSIS_RTOS_V2 -I../Middlewares/Third_Party/FreeRTOS/Source/portable/GCC/ARM_CM4F -Os -ffunction-sections -fdata-sections -Wall -fstack-usage -MMD -MP -MF"Core/Src/main.d" -MT"Core/Src/main.o" --specs=nano.specs -mfpu=fpv4-sp-d16 -mfloat-abi=hard -mthumb -o "Core/Src/main.o"
../Core/Src/main.c: In function 'move':
../Core/Src/main.c:717:12: warning: pointer targets in passing argument 1 of 'sprintf' differ in signedness [-Wpointer-sign]
  717 |    sprintf(hello,"SpeedL:%5d\0",diff_left);
      |            ^~~~~
      |            |
      |            uint8_t * {aka unsigned char *}
In file included from ../Core/Src/main.c:26:
c:\st\stm32cubeide_1.10.1\stm32cubeide\plugins\com.st.stm32cube.ide.mcu.externaltools.gnu-tools-for-stm32.10.3-2021.10.win32_1.0.0.202111181127\tools\arm-none-eabi\include\stdio.h:244:14: note: expected 'char * restrict' but argument is of type 'uint8_t *' {aka 'unsigned char *'}
  244 | int sprintf (char *__restrict, const char *__restrict, ...)
      |              ^
../Core/Src/main.c:717:29: warning: embedded '\0' in format [-Wformat-contains-nul]
  717 |    sprintf(hello,"SpeedL:%5d\0",diff_left);
      |                             ^~
../Core/Src/main.c:719:12: warning: pointer targets in passing argument 1 of 'sprintf' differ in signedness [-Wpointer-sign]
  719 |    sprintf(hello1,"SpeedR:%5d\0",diff_right);
      |            ^~~~~~
      |            |
      |            uint8_t * {aka unsigned char *}
In file included from ../Core/Src/main.c:26:
c:\st\stm32cubeide_1.10.1\stm32cubeide\plugins\com.st.stm32cube.ide.mcu.externaltools.gnu-tools-for-stm32.10.3-2021.10.win32_1.0.0.202111181127\tools\arm-none-eabi\include\stdio.h:244:14: note: expected 'char * restrict' but argument is of type 'uint8_t *' {aka 'unsigned char *'}
  244 | int sprintf (char *__restrict, const char *__restrict, ...)
      |              ^
../Core/Src/main.c:719:30: warning: embedded '\0' in format [-Wformat-contains-nul]
  719 |    sprintf(hello1,"SpeedR:%5d\0",diff_right);
      |                              ^~
../Core/Src/main.c:637:35: warning: unused variable 'curr_time' [-Wunused-variable]
  637 |  uint32_t start_time , prev_time, curr_time;
      |                                   ^~~~~~~~~
../Core/Src/main.c:637:24: warning: variable 'prev_time' set but not used [-Wunused-but-set-variable]
  637 |  uint32_t start_time , prev_time, curr_time;
      |                        ^~~~~~~~~
../Core/Src/main.c: In function 'HAL_UART_RxCpltCallback':
../Core/Src/main.c:749:10: warning: comparison between pointer and integer
  749 |  if (cmd == 'w'){
      |          ^~
../Core/Src/main.c:752:10: warning: comparison between pointer and integer
  752 |  if (cmd == 's'){
      |          ^~
../Core/Src/main.c:755:10: warning: comparison between pointer and integer
  755 |  if (cmd == 'a'){
      |          ^~
../Core/Src/main.c:758:10: warning: comparison between pointer and integer
  758 |  if (cmd == 'd'){
      |          ^~
../Core/Src/main.c: In function 'encoder_task':
../Core/Src/main.c:875:21: warning: unused variable 'hello2' [-Wunused-variable]
  875 |   uint8_t hello[20],hello2[20];
      |                     ^~~~~~
../Core/Src/main.c:875:11: warning: unused variable 'hello' [-Wunused-variable]
  875 |   uint8_t hello[20],hello2[20];
      |           ^~~~~
../Core/Src/main.c:869:37: warning: variable 'diff2' set but not used [-Wunused-but-set-variable]
  869 |   int cnt1, cnt2, diff, cnt3, cnt4, diff2;
      |                                     ^~~~~
../Core/Src/main.c:869:19: warning: variable 'diff' set but not used [-Wunused-but-set-variable]
  869 |   int cnt1, cnt2, diff, cnt3, cnt4, diff2;
      |                   ^~~~
arm-none-eabi-gcc -o "MDP_STM.elf" @"objects.list"   -mcpu=cortex-m4 -T"C:\Users\ongme\Documents\GitHub\CZ3004_MDP_AY22-23_S1_G13\STM32F407vet6\MDP_STM\STM32F407VETX_FLASH.ld" --specs=nosys.specs -Wl,-Map="MDP_STM.map" -Wl,--gc-sections -static --specs=nano.specs -mfpu=fpv4-sp-d16 -mfloat-abi=hard -mthumb -Wl,--start-group -lc -lm -Wl,--end-group
Finished building target: MDP_STM.elf
 
arm-none-eabi-size   MDP_STM.elf 
arm-none-eabi-objdump -h -S  MDP_STM.elf  > "MDP_STM.list"
arm-none-eabi-objcopy  -O ihex  MDP_STM.elf  "MDP_STM.hex"
arm-none-eabi-objcopy  -O binary  MDP_STM.elf  "MDP_STM.bin"
   text	   data	    bss	    dec	    hex	filename
  23204	    124	  21772	  45100	   b02c	MDP_STM.elf
Finished building: default.size.stdout
Finished building: MDP_STM.bin
 
 
Finished building: MDP_STM.list
 
Finished building: MDP_STM.hex
 
10:18:09 **** Incremental Build of configuration Release for project MDP_STM ****
make -j12 all 
arm-none-eabi-gcc "../Core/Src/main.c" -mcpu=cortex-m4 -std=gnu11 -DUSE_HAL_DRIVER -DSTM32F407xx -c -I../Core/Inc -I../Drivers/STM32F4xx_HAL_Driver/Inc -I../Drivers/STM32F4xx_HAL_Driver/Inc/Legacy -I../Drivers/CMSIS/Device/ST/STM32F4xx/Include -I../Drivers/CMSIS/Include -I"C:/Users/ongme/Documents/GitHub/CZ3004_MDP_AY22-23_S1_G13/STM32F407vet6/MDP_STM/PeripheralDriver/Inc" -I../Middlewares/Third_Party/FreeRTOS/Source/include -I../Middlewares/Third_Party/FreeRTOS/Source/CMSIS_RTOS_V2 -I../Middlewares/Third_Party/FreeRTOS/Source/portable/GCC/ARM_CM4F -Os -ffunction-sections -fdata-sections -Wall -fstack-usage -MMD -MP -MF"Core/Src/main.d" -MT"Core/Src/main.o" --specs=nano.specs -mfpu=fpv4-sp-d16 -mfloat-abi=hard -mthumb -o "Core/Src/main.o"
../Core/Src/main.c: In function 'move':
../Core/Src/main.c:717:12: warning: pointer targets in passing argument 1 of 'sprintf' differ in signedness [-Wpointer-sign]
  717 |    sprintf(hello,"SpeedL:%5d\0",diff_left);
[...]
../Core/Src/main.c:891:11: warning: unused variable 'hello' [-Wunused-variable]
  891 |   uint8_t hello[20],hello2[20];
      |           ^~~~~
../Core/Src/main.c:885:37: warning: variable 'diff2' set but not used [-Wunused-but-set-variable]
  885 |   int cnt1, cnt2, diff, cnt3, cnt4, diff2;
      |                                     ^~~~~
../Core/Src/main.c:885:19: warning: variable 'diff' set but not used [-Wunused-but-set-variable]
  885 |   int cnt1, cnt2, diff, cnt3, cnt4, diff2;
      |                   ^~~~
arm-none-eabi-gcc -o "MDP_STM.elf" @"objects.list"   -mcpu=cortex-m4 -T"C:\Users\ongme\Documents\GitHub\CZ3004_MDP_AY22-23_S1_G13\STM32F407vet6\MDP_STM\STM32F407VETX_FLASH.ld" --specs=nosys.specs -Wl,-Map="MDP_STM.map" -Wl,--gc-sections -static --specs=nano.specs -mfpu=fpv4-sp-d16 -mfloat-abi=hard -mthumb -Wl,--start-group -lc -lm -Wl,--end-group
Finished building target: MDP_STM.elf
 
arm-none-eabi-size   MDP_STM.elf 
arm-none-eabi-objdump -h -S  MDP_STM.elf  > "MDP_STM.list"
arm-none-eabi-objcopy  -O ihex  MDP_STM.elf  "MDP_STM.hex"
arm-none-eabi-objcopy  -O binary  MDP_STM.elf  "MDP_STM.bin"
   text	   data	    bss	    dec	    hex	filename
  23220	    124	  21772	  45116	   b03c	MDP_STM.elf
Finished building: default.size.stdout
 
Finished building: MDP_STM.hex
Finished building: MDP_STM.bin
 
Finished building: MDP_STM.list
 
 
17:06:34 **** Incremental Build of configuration Release for project MDP_STM ****
make -j12 all 
arm-none-eabi-gcc "../Core/Src/main.c" -mcpu=cortex-m4 -std=gnu11 -DUSE_HAL_DRIVER -DSTM32F407xx -c -I../Core/Inc -I../Drivers/STM32F4xx_HAL_Driver/Inc -I../Drivers/STM32F4xx_HAL_Driver/Inc/Legacy -I../Drivers/CMSIS/Device/ST/STM32F4xx/Include -I../Drivers/CMSIS/Include -I"C:/Users/ongme/Documents/GitHub/CZ3004_MDP_AY22-23_S1_G13/STM32F407vet6/MDP_STM/PeripheralDriver/Inc" -I../Middlewares/Third_Party/FreeRTOS/Source/include -I../Middlewares/Third_Party/FreeRTOS/Source/CMSIS_RTOS_V2 -I../Middlewares/Third_Party/FreeRTOS/Source/portable/GCC/ARM_CM4F -Os -ffunction-sections -fdata-sections -Wall -fstack-usage -MMD -MP -MF"Core/Src/main.d" -MT"Core/Src/main.o" --specs=nano.specs -mfpu=fpv4-sp-d16 -mfloat-abi=hard -mthumb -o "Core/Src/main.o"
../Core/Src/main.c: In function 'move':
../Core/Src/main.c:718:12: warning: pointer targets in passing argument 1 of 'sprintf' differ in signedness [-Wpointer-sign]
  718 |    sprintf(hello,"SpeedL:%5d\0",diff_left);
      |            ^~~~~
      |            |
      |            uint8_t * {aka unsigned char *}
In file included from ../Core/Src/main.c:26:
c:\st\stm32cubeide_1.10.1\stm32cubeide\plugins\com.st.stm32cube.ide.mcu.externaltools.gnu-tools-for-stm32.10.3-2021.10.win32_1.0.0.202111181127\tools\arm-none-eabi\include\stdio.h:244:14: note: expected 'char * restrict' but argument is of type 'uint8_t *' {aka 'unsigned char *'}
  244 | int sprintf (char *__restrict, const char *__restrict, ...)
      |              ^
../Core/Src/main.c:718:29: warning: embedded '\0' in format [-Wformat-contains-nul]
  718 |    sprintf(hello,"SpeedL:%5d\0",diff_left);
      |                             ^~
../Core/Src/main.c:720:12: warning: pointer targets in passing argument 1 of 'sprintf' differ in signedness [-Wpointer-sign]
  720 |    sprintf(hello1,"SpeedR:%5d\0",diff_right);
      |            ^~~~~~
      |            |
      |            uint8_t * {aka unsigned char *}
In file included from ../Core/Src/main.c:26:
c:\st\stm32cubeide_1.10.1\stm32cubeide\plugins\com.st.stm32cube.ide.mcu.externaltools.gnu-tools-for-stm32.10.3-2021.10.win32_1.0.0.202111181127\tools\arm-none-eabi\include\stdio.h:244:14: note: expected 'char * restrict' but argument is of type 'uint8_t *' {aka 'unsigned char *'}
  244 | int sprintf (char *__restrict, const char *__restrict, ...)
      |              ^
../Core/Src/main.c:720:30: warning: embedded '\0' in format [-Wformat-contains-nul]
  720 |    sprintf(hello1,"SpeedR:%5d\0",diff_right);
      |                              ^~
../Core/Src/main.c:638:35: warning: unused variable 'curr_time' [-Wunused-variable]
  638 |  uint32_t start_time , prev_time, curr_time;
      |                                   ^~~~~~~~~
../Core/Src/main.c:638:24: warning: variable 'prev_time' set but not used [-Wunused-but-set-variable]
  638 |  uint32_t start_time , prev_time, curr_time;
      |                        ^~~~~~~~~
../Core/Src/main.c: In function 'StartDefaultTask':
../Core/Src/main.c:803:10: warning: unused variable 'ch' [-Wunused-variable]
  803 |  uint8_t ch = 'A';
      |          ^~
../Core/Src/main.c: In function 'encoder_task':
../Core/Src/main.c:892:21: warning: unused variable 'hello2' [-Wunused-variable]
  892 |   uint8_t hello[20],hello2[20];
      |                     ^~~~~~
../Core/Src/main.c:892:11: warning: unused variable 'hello' [-Wunused-variable]
  892 |   uint8_t hello[20],hello2[20];
      |           ^~~~~
../Core/Src/main.c:886:37: warning: variable 'diff2' set but not used [-Wunused-but-set-variable]
  886 |   int cnt1, cnt2, diff, cnt3, cnt4, diff2;
      |                                     ^~~~~
../Core/Src/main.c:886:19: warning: variable 'diff' set but not used [-Wunused-but-set-variable]
  886 |   int cnt1, cnt2, diff, cnt3, cnt4, diff2;
      |                   ^~~~
arm-none-eabi-gcc -o "MDP_STM.elf" @"objects.list"   -mcpu=cortex-m4 -T"C:\Users\ongme\Documents\GitHub\CZ3004_MDP_AY22-23_S1_G13\STM32F407vet6\MDP_STM\STM32F407VETX_FLASH.ld" --specs=nosys.specs -Wl,-Map="MDP_STM.map" -Wl,--gc-sections -static --specs=nano.specs -mfpu=fpv4-sp-d16 -mfloat-abi=hard -mthumb -Wl,--start-group -lc -lm -Wl,--end-group
Finished building target: MDP_STM.elf
 
arm-none-eabi-size   MDP_STM.elf 
arm-none-eabi-objdump -h -S  MDP_STM.elf  > "MDP_STM.list"
arm-none-eabi-objcopy  -O ihex  MDP_STM.elf  "MDP_STM.hex"
arm-none-eabi-objcopy  -O binary  MDP_STM.elf  "MDP_STM.bin"
   text	   data	    bss	    dec	    hex	filename
  23156	    124	  21772	  45052	   affc	MDP_STM.elf
Finished building: MDP_STM.bin
Finished building: default.size.stdout
 
Finished building: MDP_STM.list
 
 
Finished building: MDP_STM.hex
 
17:13:27 **** Incremental Build of configuration Release for project MDP_STM ****
make -j12 all 
arm-none-eabi-gcc "../Core/Src/main.c" -mcpu=cortex-m4 -std=gnu11 -DUSE_HAL_DRIVER -DSTM32F407xx -c -I../Core/Inc -I../Drivers/STM32F4xx_HAL_Driver/Inc -I../Drivers/STM32F4xx_HAL_Driver/Inc/Legacy -I../Drivers/CMSIS/Device/ST/STM32F4xx/Include -I../Drivers/CMSIS/Include -I"C:/Users/ongme/Documents/GitHub/CZ3004_MDP_AY22-23_S1_G13/STM32F407vet6/MDP_STM/PeripheralDriver/Inc" -I../Middlewares/Third_Party/FreeRTOS/Source/include -I../Middlewares/Third_Party/FreeRTOS/Source/CMSIS_RTOS_V2 -I../Middlewares/Third_Party/FreeRTOS/Source/portable/GCC/ARM_CM4F -Os -ffunction-sections -fdata-sections -Wall -fstack-usage -MMD -MP -MF"Core/Src/main.d" -MT"Core/Src/main.o" --specs=nano.specs -mfpu=fpv4-sp-d16 -mfloat-abi=hard -mthumb -o "Core/Src/main.o"
../Core/Src/main.c: In function 'move':
../Core/Src/main.c:719:12: warning: pointer targets in passing argument 1 of 'sprintf' differ in signedness [-Wpointer-sign]
  719 |    sprintf(hello,"SpeedL:%5d\0",diff_left);
      |            ^~~~~
      |            |
      |            uint8_t * {aka unsigned char *}
In file included from ../Core/Src/main.c:26:
c:\st\stm32cubeide_1.10.1\stm32cubeide\plugins\com.st.stm32cube.ide.mcu.externaltools.gnu-tools-for-stm32.10.3-2021.10.win32_1.0.0.202111181127\tools\arm-none-eabi\include\stdio.h:244:14: note: expected 'char * restrict' but argument is of type 'uint8_t *' {aka 'unsigned char *'}
  244 | int sprintf (char *__restrict, const char *__restrict, ...)
      |              ^
../Core/Src/main.c:719:29: warning: embedded '\0' in format [-Wformat-contains-nul]
  719 |    sprintf(hello,"SpeedL:%5d\0",diff_left);
      |                             ^~
../Core/Src/main.c:721:12: warning: pointer targets in passing argument 1 of 'sprintf' differ in signedness [-Wpointer-sign]
  721 |    sprintf(hello1,"SpeedR:%5d\0",diff_right);
      |            ^~~~~~
      |            |
      |            uint8_t * {aka unsigned char *}
In file included from ../Core/Src/main.c:26:
c:\st\stm32cubeide_1.10.1\stm32cubeide\plugins\com.st.stm32cube.ide.mcu.externaltools.gnu-tools-for-stm32.10.3-2021.10.win32_1.0.0.202111181127\tools\arm-none-eabi\include\stdio.h:244:14: note: expected 'char * restrict' but argument is of type 'uint8_t *' {aka 'unsigned char *'}
  244 | int sprintf (char *__restrict, const char *__restrict, ...)
      |              ^
../Core/Src/main.c:721:30: warning: embedded '\0' in format [-Wformat-contains-nul]
  721 |    sprintf(hello1,"SpeedR:%5d\0",diff_right);
      |                              ^~
../Core/Src/main.c:639:35: warning: unused variable 'curr_time' [-Wunused-variable]
  639 |  uint32_t start_time , prev_time, curr_time;
      |                                   ^~~~~~~~~
../Core/Src/main.c:639:24: warning: variable 'prev_time' set but not used [-Wunused-but-set-variable]
  639 |  uint32_t start_time , prev_time, curr_time;
      |                        ^~~~~~~~~
../Core/Src/main.c: In function 'process_UART_Rx':
../Core/Src/main.c:790:6: error: 'i' undeclared (first use in this function)
  790 |  for(i=0;i<BUFFER_SIZE;i++)
      |      ^
../Core/Src/main.c:790:6: note: each undeclared identifier is reported only once for each function it appears in
../Core/Src/main.c: In function 'StartDefaultTask':
../Core/Src/main.c:809:10: warning: unused variable 'ch' [-Wunused-variable]
  809 |  uint8_t ch = 'A';
      |          ^~
../Core/Src/main.c: In function 'encoder_task':
../Core/Src/main.c:898:21: warning: unused variable 'hello2' [-Wunused-variable]
  898 |   uint8_t hello[20],hello2[20];
      |                     ^~~~~~
../Core/Src/main.c:898:11: warning: unused variable 'hello' [-Wunused-variable]
  898 |   uint8_t hello[20],hello2[20];
      |           ^~~~~
../Core/Src/main.c:892:37: warning: variable 'diff2' set but not used [-Wunused-but-set-variable]
  892 |   int cnt1, cnt2, diff, cnt3, cnt4, diff2;
      |                                     ^~~~~
../Core/Src/main.c:892:19: warning: variable 'diff' set but not used [-Wunused-but-set-variable]
  892 |   int cnt1, cnt2, diff, cnt3, cnt4, diff2;
      |                   ^~~~
make: *** [Core/Src/subdir.mk:37: Core/Src/main.o] Error 1
"make -j12 all" terminated with exit code 2. Build might be incomplete.
17:13:45 **** Incremental Build of configuration Release for project MDP_STM ****
make -j12 all 
arm-none-eabi-gcc "../Core/Src/main.c" -mcpu=cortex-m4 -std=gnu11 -DUSE_HAL_DRIVER -DSTM32F407xx -c -I../Core/Inc -I../Drivers/STM32F4xx_HAL_Driver/Inc -I../Drivers/STM32F4xx_HAL_Driver/Inc/Legacy -I../Drivers/CMSIS/Device/ST/STM32F4xx/Include -I../Drivers/CMSIS/Include -I"C:/Users/ongme/Documents/GitHub/CZ3004_MDP_AY22-23_S1_G13/STM32F407vet6/MDP_STM/PeripheralDriver/Inc" -I../Middlewares/Third_Party/FreeRTOS/Source/include -I../Middlewares/Third_Party/FreeRTOS/Source/CMSIS_RTOS_V2 -I../Middlewares/Third_Party/FreeRTOS/Source/portable/GCC/ARM_CM4F -Os -ffunction-sections -fdata-sections -Wall -fstack-usage -MMD -MP -MF"Core/Src/main.d" -MT"Core/Src/main.o" --specs=nano.specs -mfpu=fpv4-sp-d16 -mfloat-abi=hard -mthumb -o "Core/Src/main.o"
../Core/Src/main.c: In function 'move':
../Core/Src/main.c:719:12: warning: pointer targets in passing argument 1 of 'sprintf' differ in signedness [-Wpointer-sign]
  719 |    sprintf(hello,"SpeedL:%5d\0",diff_left);
      |            ^~~~~
      |            |
      |            uint8_t * {aka unsigned char *}
In file included from ../Core/Src/main.c:26:
c:\st\stm32cubeide_1.10.1\stm32cubeide\plugins\com.st.stm32cube.ide.mcu.externaltools.gnu-tools-for-stm32.10.3-2021.10.win32_1.0.0.202111181127\tools\arm-none-eabi\include\stdio.h:244:14: note: expected 'char * restrict' but argument is of type 'uint8_t *' {aka 'unsigned char *'}
  244 | int sprintf (char *__restrict, const char *__restrict, ...)
      |              ^
../Core/Src/main.c:719:29: warning: embedded '\0' in format [-Wformat-contains-nul]
  719 |    sprintf(hello,"SpeedL:%5d\0",diff_left);
      |                             ^~
../Core/Src/main.c:721:12: warning: pointer targets in passing argument 1 of 'sprintf' differ in signedness [-Wpointer-sign]
  721 |    sprintf(hello1,"SpeedR:%5d\0",diff_right);
      |            ^~~~~~
      |            |
      |            uint8_t * {aka unsigned char *}
In file included from ../Core/Src/main.c:26:
c:\st\stm32cubeide_1.10.1\stm32cubeide\plugins\com.st.stm32cube.ide.mcu.externaltools.gnu-tools-for-stm32.10.3-2021.10.win32_1.0.0.202111181127\tools\arm-none-eabi\include\stdio.h:244:14: note: expected 'char * restrict' but argument is of type 'uint8_t *' {aka 'unsigned char *'}
  244 | int sprintf (char *__restrict, const char *__restrict, ...)
      |              ^
../Core/Src/main.c:721:30: warning: embedded '\0' in format [-Wformat-contains-nul]
  721 |    sprintf(hello1,"SpeedR:%5d\0",diff_right);
      |                              ^~
../Core/Src/main.c:639:35: warning: unused variable 'curr_time' [-Wunused-variable]
  639 |  uint32_t start_time , prev_time, curr_time;
      |                                   ^~~~~~~~~
../Core/Src/main.c:639:24: warning: variable 'prev_time' set but not used [-Wunused-but-set-variable]
  639 |  uint32_t start_time , prev_time, curr_time;
      |                        ^~~~~~~~~
../Core/Src/main.c: In function 'StartDefaultTask':
../Core/Src/main.c:810:10: warning: unused variable 'ch' [-Wunused-variable]
  810 |  uint8_t ch = 'A';
      |          ^~
../Core/Src/main.c: In function 'encoder_task':
../Core/Src/main.c:899:21: warning: unused variable 'hello2' [-Wunused-variable]
  899 |   uint8_t hello[20],hello2[20];
      |                     ^~~~~~
../Core/Src/main.c:899:11: warning: unused variable 'hello' [-Wunused-variable]
  899 |   uint8_t hello[20],hello2[20];
      |           ^~~~~
../Core/Src/main.c:893:37: warning: variable 'diff2' set but not used [-Wunused-but-set-variable]
  893 |   int cnt1, cnt2, diff, cnt3, cnt4, diff2;
      |                                     ^~~~~
../Core/Src/main.c:893:19: warning: variable 'diff' set but not used [-Wunused-but-set-variable]
  893 |   int cnt1, cnt2, diff, cnt3, cnt4, diff2;
      |                   ^~~~
arm-none-eabi-gcc -o "MDP_STM.elf" @"objects.list"   -mcpu=cortex-m4 -T"C:\Users\ongme\Documents\GitHub\CZ3004_MDP_AY22-23_S1_G13\STM32F407vet6\MDP_STM\STM32F407VETX_FLASH.ld" --specs=nosys.specs -Wl,-Map="MDP_STM.map" -Wl,--gc-sections -static --specs=nano.specs -mfpu=fpv4-sp-d16 -mfloat-abi=hard -mthumb -Wl,--start-group -lc -lm -Wl,--end-group
Finished building target: MDP_STM.elf
 
arm-none-eabi-size   MDP_STM.elf 
arm-none-eabi-objdump -h -S  MDP_STM.elf  > "MDP_STM.list"
arm-none-eabi-objcopy  -O ihex  MDP_STM.elf  "MDP_STM.hex"
arm-none-eabi-objcopy  -O binary  MDP_STM.elf  "MDP_STM.bin"
   text	   data	    bss	    dec	    hex	filename
  23156	    124	  21772	  45052	   affc	MDP_STM.elf
Finished building: default.size.stdout
Finished building: MDP_STM.hex
 
 
Finished building: MDP_STM.bin
 
Finished building: MDP_STM.list
 
18:06:54 **** Incremental Build of configuration Release for project MDP_STM ****
make -j12 all 
arm-none-eabi-gcc "../Core/Src/main.c" -mcpu=cortex-m4 -std=gnu11 -DUSE_HAL_DRIVER -DSTM32F407xx -c -I../Core/Inc -I../Drivers/STM32F4xx_HAL_Driver/Inc -I../Drivers/STM32F4xx_HAL_Driver/Inc/Legacy -I../Drivers/CMSIS/Device/ST/STM32F4xx/Include -I../Drivers/CMSIS/Include -I"C:/Users/ongme/Documents/GitHub/CZ3004_MDP_AY22-23_S1_G13/STM32F407vet6/MDP_STM/PeripheralDriver/Inc" -I../Middlewares/Third_Party/FreeRTOS/Source/include -I../Middlewares/Third_Party/FreeRTOS/Source/CMSIS_RTOS_V2 -I../Middlewares/Third_Party/FreeRTOS/Source/portable/GCC/ARM_CM4F -Os -ffunction-sections -fdata-sections -Wall -fstack-usage -MMD -MP -MF"Core/Src/main.d" -MT"Core/Src/main.o" --specs=nano.specs -mfpu=fpv4-sp-d16 -mfloat-abi=hard -mthumb -o "Core/Src/main.o"
../Core/Src/main.c: In function 'move':
../Core/Src/main.c:727:12: warning: pointer targets in passing argument 1 of 'sprintf' differ in signedness [-Wpointer-sign]
  727 |    sprintf(hello,"SpeedL:%5d\0",diff_left);
      |            ^~~~~
      |            |
      |            uint8_t * {aka unsigned char *}
In file included from ../Core/Src/main.c:26:
c:\st\stm32cubeide_1.10.1\stm32cubeide\plugins\com.st.stm32cube.ide.mcu.externaltools.gnu-tools-for-stm32.10.3-2021.10.win32_1.0.0.202111181127\tools\arm-none-eabi\include\stdio.h:244:14: note: expected 'char * restrict' but argument is of type 'uint8_t *' {aka 'unsigned char *'}
  244 | int sprintf (char *__restrict, const char *__restrict, ...)
      |              ^
../Core/Src/main.c:727:29: warning: embedded '\0' in format [-Wformat-contains-nul]
  727 |    sprintf(hello,"SpeedL:%5d\0",diff_left);
      |                             ^~
../Core/Src/main.c:729:12: warning: pointer targets in passing argument 1 of 'sprintf' differ in signedness [-Wpointer-sign]
  729 |    sprintf(hello1,"SpeedR:%5d\0",diff_right);
      |            ^~~~~~
      |            |
      |            uint8_t * {aka unsigned char *}
In file included from ../Core/Src/main.c:26:
c:\st\stm32cubeide_1.10.1\stm32cubeide\plugins\com.st.stm32cube.ide.mcu.externaltools.gnu-tools-for-stm32.10.3-2021.10.win32_1.0.0.202111181127\tools\arm-none-eabi\include\stdio.h:244:14: note: expected 'char * restrict' but argument is of type 'uint8_t *' {aka 'unsigned char *'}
  244 | int sprintf (char *__restrict, const char *__restrict, ...)
      |              ^
../Core/Src/main.c:729:30: warning: embedded '\0' in format [-Wformat-contains-nul]
  729 |    sprintf(hello1,"SpeedR:%5d\0",diff_right);
      |                              ^~
../Core/Src/main.c:647:35: warning: unused variable 'curr_time' [-Wunused-variable]
  647 |  uint32_t start_time , prev_time, curr_time;
      |                                   ^~~~~~~~~
../Core/Src/main.c:647:24: warning: variable 'prev_time' set but not used [-Wunused-but-set-variable]
  647 |  uint32_t start_time , prev_time, curr_time;
      |                        ^~~~~~~~~
../Core/Src/main.c: In function 'StartDefaultTask':
../Core/Src/main.c:803:10: warning: unused variable 'ch' [-Wunused-variable]
  803 |  uint8_t ch = 'A';
      |          ^~
../Core/Src/main.c: In function 'encoder_task':
../Core/Src/main.c:892:21: warning: unused variable 'hello2' [-Wunused-variable]
  892 |   uint8_t hello[20],hello2[20];
      |                     ^~~~~~
../Core/Src/main.c:892:11: warning: unused variable 'hello' [-Wunused-variable]
  892 |   uint8_t hello[20],hello2[20];
      |           ^~~~~
../Core/Src/main.c:886:37: warning: variable 'diff2' set but not used [-Wunused-but-set-variable]
  886 |   int cnt1, cnt2, diff, cnt3, cnt4, diff2;
      |                                     ^~~~~
../Core/Src/main.c:886:19: warning: variable 'diff' set but not used [-Wunused-but-set-variable]
  886 |   int cnt1, cnt2, diff, cnt3, cnt4, diff2;
      |                   ^~~~
arm-none-eabi-gcc -o "MDP_STM.elf" @"objects.list"   -mcpu=cortex-m4 -T"C:\Users\ongme\Documents\GitHub\CZ3004_MDP_AY22-23_S1_G13\STM32F407vet6\MDP_STM\STM32F407VETX_FLASH.ld" --specs=nosys.specs -Wl,-Map="MDP_STM.map" -Wl,--gc-sections -static --specs=nano.specs -mfpu=fpv4-sp-d16 -mfloat-abi=hard -mthumb -Wl,--start-group -lc -lm -Wl,--end-group
Finished building target: MDP_STM.elf
 
arm-none-eabi-size   MDP_STM.elf 
arm-none-eabi-objdump -h -S  MDP_STM.elf  > "MDP_STM.list"
arm-none-eabi-objcopy  -O ihex  MDP_STM.elf  "MDP_STM.hex"
arm-none-eabi-objcopy  -O binary  MDP_STM.elf  "MDP_STM.bin"
   text	   data	    bss	    dec	    hex	filename
  23156	    124	  21772	  45052	   affc	MDP_STM.elf
Finished building: default.size.stdout
 
Finished building: MDP_STM.bin
 
Finished building: MDP_STM.hex
Finished building: MDP_STM.list
 
 
